Archive member included to satisfy reference by file (symbol)

/build/esp8266/ESP8266_RTOS_SDK/examples/wifi/sniffer/build/bootloader/main/libmain.a(bootloader_start.o)
                              (call_start_cpu)
/build/esp8266/ESP8266_RTOS_SDK/examples/wifi/sniffer/build/bootloader/bootloader_support/libbootloader_support.a(bootloader_init.o)
                              /build/esp8266/ESP8266_RTOS_SDK/examples/wifi/sniffer/build/bootloader/main/libmain.a(bootloader_start.o) (bootloader_init)
/build/esp8266/ESP8266_RTOS_SDK/examples/wifi/sniffer/build/bootloader/bootloader_support/libbootloader_support.a(bootloader_utility.o)
                              /build/esp8266/ESP8266_RTOS_SDK/examples/wifi/sniffer/build/bootloader/main/libmain.a(bootloader_start.o) (bootloader_utility_load_partition_table)
/build/esp8266/ESP8266_RTOS_SDK/examples/wifi/sniffer/build/bootloader/bootloader_support/libbootloader_support.a(bootloader_common.o)
                              /build/esp8266/ESP8266_RTOS_SDK/examples/wifi/sniffer/build/bootloader/bootloader_support/libbootloader_support.a(bootloader_utility.o) (bootloader_common_ota_select_valid)
/build/esp8266/ESP8266_RTOS_SDK/examples/wifi/sniffer/build/bootloader/bootloader_support/libbootloader_support.a(flash_partitions.o)
                              /build/esp8266/ESP8266_RTOS_SDK/examples/wifi/sniffer/build/bootloader/bootloader_support/libbootloader_support.a(bootloader_utility.o) (esp_partition_table_basic_verify)
/build/esp8266/ESP8266_RTOS_SDK/examples/wifi/sniffer/build/bootloader/bootloader_support/libbootloader_support.a(esp_image_format.o)
                              /build/esp8266/ESP8266_RTOS_SDK/examples/wifi/sniffer/build/bootloader/bootloader_support/libbootloader_support.a(bootloader_utility.o) (esp_image_load)
/build/esp8266/ESP8266_RTOS_SDK/examples/wifi/sniffer/build/bootloader/bootloader_support/libbootloader_support.a(bootloader_flash.o)
                              /build/esp8266/ESP8266_RTOS_SDK/examples/wifi/sniffer/build/bootloader/bootloader_support/libbootloader_support.a(bootloader_utility.o) (bootloader_mmap)
/build/esp8266/ESP8266_RTOS_SDK/examples/wifi/sniffer/build/bootloader/spi_flash/libspi_flash.a(spi_flash.o)
                              /build/esp8266/ESP8266_RTOS_SDK/examples/wifi/sniffer/build/bootloader/bootloader_support/libbootloader_support.a(flash_partitions.o) (g_rom_flashchip)
/build/esp8266/ESP8266_RTOS_SDK/examples/wifi/sniffer/build/bootloader/spi_flash/libspi_flash.a(spi_flash_raw.o)
                              /build/esp8266/ESP8266_RTOS_SDK/examples/wifi/sniffer/build/bootloader/spi_flash/libspi_flash.a(spi_flash.o) (spi_flash_get_id_raw)
/build/esp8266/ESP8266_RTOS_SDK/examples/wifi/sniffer/build/bootloader/log/liblog.a(log.o)
                              /build/esp8266/ESP8266_RTOS_SDK/examples/wifi/sniffer/build/bootloader/bootloader_support/libbootloader_support.a(bootloader_common.o) (esp_log_early_timestamp)
/build/esp8266/ESP8266_RTOS_SDK/examples/wifi/sniffer/build/bootloader/esp8266/libesp8266.a(ets_printf.o)
                              /build/esp8266/ESP8266_RTOS_SDK/examples/wifi/sniffer/build/bootloader/log/liblog.a(log.o) (ets_vprintf)
/build/esp8266/ESP8266_RTOS_SDK/examples/wifi/sniffer/build/bootloader/util/libutil.a(crc.o)
                              /build/esp8266/ESP8266_RTOS_SDK/examples/wifi/sniffer/build/bootloader/bootloader_support/libbootloader_support.a(bootloader_common.o) (crc32_le)
/build/esp8266/ESP8266_RTOS_SDK/components/esp8266/lib/libcore.a(phy.o)
                              /build/esp8266/ESP8266_RTOS_SDK/examples/wifi/sniffer/build/bootloader/bootloader_support/libbootloader_support.a(bootloader_init.o) (phy_reg_default)
/build/esp8266/ESP8266_RTOS_SDK/components/esp8266/lib/libcore.a(uart.o)
                              /build/esp8266/ESP8266_RTOS_SDK/examples/wifi/sniffer/build/bootloader/bootloader_support/libbootloader_support.a(bootloader_init.o) (uart_div_modify)

Allocating common symbols
Common symbol       size              file

esp_image_spi_freq_t
                    0x4               /build/esp8266/ESP8266_RTOS_SDK/examples/wifi/sniffer/build/bootloader/main/libmain.a(bootloader_start.o)

Discarded input sections

 .text          0x0000000000000000        0x0 /build/esp8266/ESP8266_RTOS_SDK/examples/wifi/sniffer/build/bootloader/main/libmain.a(bootloader_start.o)
 .data          0x0000000000000000        0x0 /build/esp8266/ESP8266_RTOS_SDK/examples/wifi/sniffer/build/bootloader/main/libmain.a(bootloader_start.o)
 .bss           0x0000000000000000        0x0 /build/esp8266/ESP8266_RTOS_SDK/examples/wifi/sniffer/build/bootloader/main/libmain.a(bootloader_start.o)
 .xt.lit        0x0000000000000000       0x18 /build/esp8266/ESP8266_RTOS_SDK/examples/wifi/sniffer/build/bootloader/main/libmain.a(bootloader_start.o)
 .xt.prop       0x0000000000000000       0xe4 /build/esp8266/ESP8266_RTOS_SDK/examples/wifi/sniffer/build/bootloader/main/libmain.a(bootloader_start.o)
 COMMON         0x0000000000000000        0x4 /build/esp8266/ESP8266_RTOS_SDK/examples/wifi/sniffer/build/bootloader/main/libmain.a(bootloader_start.o)
 .text          0x0000000000000000        0x0 /build/esp8266/ESP8266_RTOS_SDK/examples/wifi/sniffer/build/bootloader/bootloader_support/libbootloader_support.a(bootloader_init.o)
 .data          0x0000000000000000        0x0 /build/esp8266/ESP8266_RTOS_SDK/examples/wifi/sniffer/build/bootloader/bootloader_support/libbootloader_support.a(bootloader_init.o)
 .bss           0x0000000000000000        0x0 /build/esp8266/ESP8266_RTOS_SDK/examples/wifi/sniffer/build/bootloader/bootloader_support/libbootloader_support.a(bootloader_init.o)
 .xt.lit        0x0000000000000000       0x28 /build/esp8266/ESP8266_RTOS_SDK/examples/wifi/sniffer/build/bootloader/bootloader_support/libbootloader_support.a(bootloader_init.o)
 .xt.prop       0x0000000000000000      0x258 /build/esp8266/ESP8266_RTOS_SDK/examples/wifi/sniffer/build/bootloader/bootloader_support/libbootloader_support.a(bootloader_init.o)
 .text          0x0000000000000000        0x0 /build/esp8266/ESP8266_RTOS_SDK/examples/wifi/sniffer/build/bootloader/bootloader_support/libbootloader_support.a(bootloader_utility.o)
 .data          0x0000000000000000        0x0 /build/esp8266/ESP8266_RTOS_SDK/examples/wifi/sniffer/build/bootloader/bootloader_support/libbootloader_support.a(bootloader_utility.o)
 .bss           0x0000000000000000        0x0 /build/esp8266/ESP8266_RTOS_SDK/examples/wifi/sniffer/build/bootloader/bootloader_support/libbootloader_support.a(bootloader_utility.o)
 .xt.lit        0x0000000000000000       0x30 /build/esp8266/ESP8266_RTOS_SDK/examples/wifi/sniffer/build/bootloader/bootloader_support/libbootloader_support.a(bootloader_utility.o)
 .xt.prop       0x0000000000000000      0x504 /build/esp8266/ESP8266_RTOS_SDK/examples/wifi/sniffer/build/bootloader/bootloader_support/libbootloader_support.a(bootloader_utility.o)
 .literal.bootloader_common_check_long_hold_gpio
                0x0000000000000000       0x58 /build/esp8266/ESP8266_RTOS_SDK/examples/wifi/sniffer/build/bootloader/bootloader_support/libbootloader_support.a(bootloader_common.o)
 .text          0x0000000000000000        0x0 /build/esp8266/ESP8266_RTOS_SDK/examples/wifi/sniffer/build/bootloader/bootloader_support/libbootloader_support.a(bootloader_common.o)
 .data          0x0000000000000000        0x0 /build/esp8266/ESP8266_RTOS_SDK/examples/wifi/sniffer/build/bootloader/bootloader_support/libbootloader_support.a(bootloader_common.o)
 .bss           0x0000000000000000        0x0 /build/esp8266/ESP8266_RTOS_SDK/examples/wifi/sniffer/build/bootloader/bootloader_support/libbootloader_support.a(bootloader_common.o)
 .text.bootloader_common_check_long_hold_gpio
                0x0000000000000000      0x22c /build/esp8266/ESP8266_RTOS_SDK/examples/wifi/sniffer/build/bootloader/bootloader_support/libbootloader_support.a(bootloader_common.o)
 .xt.lit        0x0000000000000000       0x18 /build/esp8266/ESP8266_RTOS_SDK/examples/wifi/sniffer/build/bootloader/bootloader_support/libbootloader_support.a(bootloader_common.o)
 .xt.prop       0x0000000000000000      0x420 /build/esp8266/ESP8266_RTOS_SDK/examples/wifi/sniffer/build/bootloader/bootloader_support/libbootloader_support.a(bootloader_common.o)
 .text          0x0000000000000000        0x0 /build/esp8266/ESP8266_RTOS_SDK/examples/wifi/sniffer/build/bootloader/bootloader_support/libbootloader_support.a(flash_partitions.o)
 .data          0x0000000000000000        0x0 /build/esp8266/ESP8266_RTOS_SDK/examples/wifi/sniffer/build/bootloader/bootloader_support/libbootloader_support.a(flash_partitions.o)
 .bss           0x0000000000000000        0x0 /build/esp8266/ESP8266_RTOS_SDK/examples/wifi/sniffer/build/bootloader/bootloader_support/libbootloader_support.a(flash_partitions.o)
 .xt.lit        0x0000000000000000        0x8 /build/esp8266/ESP8266_RTOS_SDK/examples/wifi/sniffer/build/bootloader/bootloader_support/libbootloader_support.a(flash_partitions.o)
 .xt.prop       0x0000000000000000       0xfc /build/esp8266/ESP8266_RTOS_SDK/examples/wifi/sniffer/build/bootloader/bootloader_support/libbootloader_support.a(flash_partitions.o)
 .literal.esp_image_verify_bootloader
                0x0000000000000000        0x8 /build/esp8266/ESP8266_RTOS_SDK/examples/wifi/sniffer/build/bootloader/bootloader_support/libbootloader_support.a(esp_image_format.o)
 .text          0x0000000000000000        0x0 /build/esp8266/ESP8266_RTOS_SDK/examples/wifi/sniffer/build/bootloader/bootloader_support/libbootloader_support.a(esp_image_format.o)
 .data          0x0000000000000000        0x0 /build/esp8266/ESP8266_RTOS_SDK/examples/wifi/sniffer/build/bootloader/bootloader_support/libbootloader_support.a(esp_image_format.o)
 .bss           0x0000000000000000        0x0 /build/esp8266/ESP8266_RTOS_SDK/examples/wifi/sniffer/build/bootloader/bootloader_support/libbootloader_support.a(esp_image_format.o)
 .text.esp_image_verify_bootloader
                0x0000000000000000       0x41 /build/esp8266/ESP8266_RTOS_SDK/examples/wifi/sniffer/build/bootloader/bootloader_support/libbootloader_support.a(esp_image_format.o)
 .xt.lit        0x0000000000000000       0x40 /build/esp8266/ESP8266_RTOS_SDK/examples/wifi/sniffer/build/bootloader/bootloader_support/libbootloader_support.a(esp_image_format.o)
 .xt.prop       0x0000000000000000      0x474 /build/esp8266/ESP8266_RTOS_SDK/examples/wifi/sniffer/build/bootloader/bootloader_support/libbootloader_support.a(esp_image_format.o)
 .literal.bootloader_flash_write
                0x0000000000000000       0x28 /build/esp8266/ESP8266_RTOS_SDK/examples/wifi/sniffer/build/bootloader/bootloader_support/libbootloader_support.a(bootloader_flash.o)
 .literal.bootloader_flash_erase_sector
                0x0000000000000000        0x4 /build/esp8266/ESP8266_RTOS_SDK/examples/wifi/sniffer/build/bootloader/bootloader_support/libbootloader_support.a(bootloader_flash.o)
 .text          0x0000000000000000        0x0 /build/esp8266/ESP8266_RTOS_SDK/examples/wifi/sniffer/build/bootloader/bootloader_support/libbootloader_support.a(bootloader_flash.o)
 .data          0x0000000000000000        0x0 /build/esp8266/ESP8266_RTOS_SDK/examples/wifi/sniffer/build/bootloader/bootloader_support/libbootloader_support.a(bootloader_flash.o)
 .bss           0x0000000000000000        0x0 /build/esp8266/ESP8266_RTOS_SDK/examples/wifi/sniffer/build/bootloader/bootloader_support/libbootloader_support.a(bootloader_flash.o)
 .text.bootloader_flash_write
                0x0000000000000000       0x9d /build/esp8266/ESP8266_RTOS_SDK/examples/wifi/sniffer/build/bootloader/bootloader_support/libbootloader_support.a(bootloader_flash.o)
 .text.bootloader_flash_erase_sector
                0x0000000000000000       0x15 /build/esp8266/ESP8266_RTOS_SDK/examples/wifi/sniffer/build/bootloader/bootloader_support/libbootloader_support.a(bootloader_flash.o)
 .xt.lit        0x0000000000000000       0x30 /build/esp8266/ESP8266_RTOS_SDK/examples/wifi/sniffer/build/bootloader/bootloader_support/libbootloader_support.a(bootloader_flash.o)
 .xt.prop       0x0000000000000000      0x204 /build/esp8266/ESP8266_RTOS_SDK/examples/wifi/sniffer/build/bootloader/bootloader_support/libbootloader_support.a(bootloader_flash.o)
 .literal.spi_flash_program
                0x0000000000000000       0x20 /build/esp8266/ESP8266_RTOS_SDK/examples/wifi/sniffer/build/bootloader/spi_flash/libspi_flash.a(spi_flash.o)
 .literal.__spi_flash_write
                0x0000000000000000        0x8 /build/esp8266/ESP8266_RTOS_SDK/examples/wifi/sniffer/build/bootloader/spi_flash/libspi_flash.a(spi_flash.o)
 .literal.__spi_flash_read
                0x0000000000000000       0x10 /build/esp8266/ESP8266_RTOS_SDK/examples/wifi/sniffer/build/bootloader/spi_flash/libspi_flash.a(spi_flash.o)
 .literal.spi_flash_write_status
                0x0000000000000000        0xc /build/esp8266/ESP8266_RTOS_SDK/examples/wifi/sniffer/build/bootloader/spi_flash/libspi_flash.a(spi_flash.o)
 .literal.spi_flash_check_wr_protect
                0x0000000000000000       0x4c /build/esp8266/ESP8266_RTOS_SDK/examples/wifi/sniffer/build/bootloader/spi_flash/libspi_flash.a(spi_flash.o)
 .literal.spi_flash_erase_sector
                0x0000000000000000       0x18 /build/esp8266/ESP8266_RTOS_SDK/examples/wifi/sniffer/build/bootloader/spi_flash/libspi_flash.a(spi_flash.o)
 .literal.spi_flash_read
                0x0000000000000000       0x24 /build/esp8266/ESP8266_RTOS_SDK/examples/wifi/sniffer/build/bootloader/spi_flash/libspi_flash.a(spi_flash.o)
 .literal.spi_flash_write
                0x0000000000000000       0x3c /build/esp8266/ESP8266_RTOS_SDK/examples/wifi/sniffer/build/bootloader/spi_flash/libspi_flash.a(spi_flash.o)
 .literal.spi_flash_erase_range
                0x0000000000000000       0x10 /build/esp8266/ESP8266_RTOS_SDK/examples/wifi/sniffer/build/bootloader/spi_flash/libspi_flash.a(spi_flash.o)
 .literal.spi_flash_cache2phys
                0x0000000000000000       0x14 /build/esp8266/ESP8266_RTOS_SDK/examples/wifi/sniffer/build/bootloader/spi_flash/libspi_flash.a(spi_flash.o)
 .literal.spi_flash_get_chip_size
                0x0000000000000000        0x4 /build/esp8266/ESP8266_RTOS_SDK/examples/wifi/sniffer/build/bootloader/spi_flash/libspi_flash.a(spi_flash.o)
 .text          0x0000000000000000        0x0 /build/esp8266/ESP8266_RTOS_SDK/examples/wifi/sniffer/build/bootloader/spi_flash/libspi_flash.a(spi_flash.o)
 .data          0x0000000000000000        0x0 /build/esp8266/ESP8266_RTOS_SDK/examples/wifi/sniffer/build/bootloader/spi_flash/libspi_flash.a(spi_flash.o)
 .bss           0x0000000000000000        0x0 /build/esp8266/ESP8266_RTOS_SDK/examples/wifi/sniffer/build/bootloader/spi_flash/libspi_flash.a(spi_flash.o)
 .text.spi_flash_program
                0x0000000000000000       0xcb /build/esp8266/ESP8266_RTOS_SDK/examples/wifi/sniffer/build/bootloader/spi_flash/libspi_flash.a(spi_flash.o)
 .text.__spi_flash_write
                0x0000000000000000       0x23 /build/esp8266/ESP8266_RTOS_SDK/examples/wifi/sniffer/build/bootloader/spi_flash/libspi_flash.a(spi_flash.o)
 .text.__spi_flash_read
                0x0000000000000000       0x31 /build/esp8266/ESP8266_RTOS_SDK/examples/wifi/sniffer/build/bootloader/spi_flash/libspi_flash.a(spi_flash.o)
 .text.spi_flash_write_status
                0x0000000000000000       0x2a /build/esp8266/ESP8266_RTOS_SDK/examples/wifi/sniffer/build/bootloader/spi_flash/libspi_flash.a(spi_flash.o)
 .text.spi_flash_check_wr_protect
                0x0000000000000000      0x161 /build/esp8266/ESP8266_RTOS_SDK/examples/wifi/sniffer/build/bootloader/spi_flash/libspi_flash.a(spi_flash.o)
 .text.spi_flash_erase_sector
                0x0000000000000000       0x56 /build/esp8266/ESP8266_RTOS_SDK/examples/wifi/sniffer/build/bootloader/spi_flash/libspi_flash.a(spi_flash.o)
 .text.spi_flash_read
                0x0000000000000000      0x110 /build/esp8266/ESP8266_RTOS_SDK/examples/wifi/sniffer/build/bootloader/spi_flash/libspi_flash.a(spi_flash.o)
 .text.spi_flash_write
                0x0000000000000000      0x170 /build/esp8266/ESP8266_RTOS_SDK/examples/wifi/sniffer/build/bootloader/spi_flash/libspi_flash.a(spi_flash.o)
 .text.spi_flash_erase_range
                0x0000000000000000       0x6d /build/esp8266/ESP8266_RTOS_SDK/examples/wifi/sniffer/build/bootloader/spi_flash/libspi_flash.a(spi_flash.o)
 .text.spi_flash_cache2phys
                0x0000000000000000       0x48 /build/esp8266/ESP8266_RTOS_SDK/examples/wifi/sniffer/build/bootloader/spi_flash/libspi_flash.a(spi_flash.o)
 .text.spi_flash_get_chip_size
                0x0000000000000000        0x7 /build/esp8266/ESP8266_RTOS_SDK/examples/wifi/sniffer/build/bootloader/spi_flash/libspi_flash.a(spi_flash.o)
 .xt.lit        0x0000000000000000       0xd0 /build/esp8266/ESP8266_RTOS_SDK/examples/wifi/sniffer/build/bootloader/spi_flash/libspi_flash.a(spi_flash.o)
 .xt.prop       0x0000000000000000      0xbdc /build/esp8266/ESP8266_RTOS_SDK/examples/wifi/sniffer/build/bootloader/spi_flash/libspi_flash.a(spi_flash.o)
 .literal.spi_flash_write_status_raw
                0x0000000000000000       0x1c /build/esp8266/ESP8266_RTOS_SDK/examples/wifi/sniffer/build/bootloader/spi_flash/libspi_flash.a(spi_flash_raw.o)
 .literal.spi_flash_erase_sector_raw
                0x0000000000000000       0x14 /build/esp8266/ESP8266_RTOS_SDK/examples/wifi/sniffer/build/bootloader/spi_flash/libspi_flash.a(spi_flash_raw.o)
 .literal.spi_flash_write_raw
                0x0000000000000000        0xc /build/esp8266/ESP8266_RTOS_SDK/examples/wifi/sniffer/build/bootloader/spi_flash/libspi_flash.a(spi_flash_raw.o)
 .literal.spi_flash_read_raw
                0x0000000000000000        0xc /build/esp8266/ESP8266_RTOS_SDK/examples/wifi/sniffer/build/bootloader/spi_flash/libspi_flash.a(spi_flash_raw.o)
 .text          0x0000000000000000        0x0 /build/esp8266/ESP8266_RTOS_SDK/examples/wifi/sniffer/build/bootloader/spi_flash/libspi_flash.a(spi_flash_raw.o)
 .data          0x0000000000000000        0x0 /build/esp8266/ESP8266_RTOS_SDK/examples/wifi/sniffer/build/bootloader/spi_flash/libspi_flash.a(spi_flash_raw.o)
 .bss           0x0000000000000000        0x0 /build/esp8266/ESP8266_RTOS_SDK/examples/wifi/sniffer/build/bootloader/spi_flash/libspi_flash.a(spi_flash_raw.o)
 .text.spi_flash_write_status_raw
                0x0000000000000000       0x5c /build/esp8266/ESP8266_RTOS_SDK/examples/wifi/sniffer/build/bootloader/spi_flash/libspi_flash.a(spi_flash_raw.o)
 .text.spi_flash_erase_sector_raw
                0x0000000000000000       0x54 /build/esp8266/ESP8266_RTOS_SDK/examples/wifi/sniffer/build/bootloader/spi_flash/libspi_flash.a(spi_flash_raw.o)
 .text.spi_flash_write_raw
                0x0000000000000000       0x43 /build/esp8266/ESP8266_RTOS_SDK/examples/wifi/sniffer/build/bootloader/spi_flash/libspi_flash.a(spi_flash_raw.o)
 .text.spi_flash_read_raw
                0x0000000000000000       0x43 /build/esp8266/ESP8266_RTOS_SDK/examples/wifi/sniffer/build/bootloader/spi_flash/libspi_flash.a(spi_flash_raw.o)
 .xt.lit        0x0000000000000000       0x58 /build/esp8266/ESP8266_RTOS_SDK/examples/wifi/sniffer/build/bootloader/spi_flash/libspi_flash.a(spi_flash_raw.o)
 .xt.prop       0x0000000000000000      0x360 /build/esp8266/ESP8266_RTOS_SDK/examples/wifi/sniffer/build/bootloader/spi_flash/libspi_flash.a(spi_flash_raw.o)
 .text          0x0000000000000000        0x0 /build/esp8266/ESP8266_RTOS_SDK/examples/wifi/sniffer/build/bootloader/log/liblog.a(log.o)
 .data          0x0000000000000000        0x0 /build/esp8266/ESP8266_RTOS_SDK/examples/wifi/sniffer/build/bootloader/log/liblog.a(log.o)
 .bss           0x0000000000000000        0x0 /build/esp8266/ESP8266_RTOS_SDK/examples/wifi/sniffer/build/bootloader/log/liblog.a(log.o)
 .xt.lit        0x0000000000000000       0x10 /build/esp8266/ESP8266_RTOS_SDK/examples/wifi/sniffer/build/bootloader/log/liblog.a(log.o)
 .xt.prop       0x0000000000000000       0xcc /build/esp8266/ESP8266_RTOS_SDK/examples/wifi/sniffer/build/bootloader/log/liblog.a(log.o)
 .text          0x0000000000000000        0x0 /build/esp8266/ESP8266_RTOS_SDK/examples/wifi/sniffer/build/bootloader/esp8266/libesp8266.a(ets_printf.o)
 .data          0x0000000000000000        0x0 /build/esp8266/ESP8266_RTOS_SDK/examples/wifi/sniffer/build/bootloader/esp8266/libesp8266.a(ets_printf.o)
 .bss           0x0000000000000000        0x0 /build/esp8266/ESP8266_RTOS_SDK/examples/wifi/sniffer/build/bootloader/esp8266/libesp8266.a(ets_printf.o)
 .xt.lit        0x0000000000000000       0x20 /build/esp8266/ESP8266_RTOS_SDK/examples/wifi/sniffer/build/bootloader/esp8266/libesp8266.a(ets_printf.o)
 .xt.prop       0x0000000000000000       0xcc /build/esp8266/ESP8266_RTOS_SDK/examples/wifi/sniffer/build/bootloader/esp8266/libesp8266.a(ets_printf.o)
 .literal.crc16_le
                0x0000000000000000        0x4 /build/esp8266/ESP8266_RTOS_SDK/examples/wifi/sniffer/build/bootloader/util/libutil.a(crc.o)
 .literal.esp_crc8
                0x0000000000000000        0x4 /build/esp8266/ESP8266_RTOS_SDK/examples/wifi/sniffer/build/bootloader/util/libutil.a(crc.o)
 .text          0x0000000000000000        0x0 /build/esp8266/ESP8266_RTOS_SDK/examples/wifi/sniffer/build/bootloader/util/libutil.a(crc.o)
 .data          0x0000000000000000        0x0 /build/esp8266/ESP8266_RTOS_SDK/examples/wifi/sniffer/build/bootloader/util/libutil.a(crc.o)
 .bss           0x0000000000000000        0x0 /build/esp8266/ESP8266_RTOS_SDK/examples/wifi/sniffer/build/bootloader/util/libutil.a(crc.o)
 .text.crc16_le
                0x0000000000000000       0x39 /build/esp8266/ESP8266_RTOS_SDK/examples/wifi/sniffer/build/bootloader/util/libutil.a(crc.o)
 .text.esp_crc8
                0x0000000000000000       0x21 /build/esp8266/ESP8266_RTOS_SDK/examples/wifi/sniffer/build/bootloader/util/libutil.a(crc.o)
 .rodata.crc8_le_table
                0x0000000000000000      0x100 /build/esp8266/ESP8266_RTOS_SDK/examples/wifi/sniffer/build/bootloader/util/libutil.a(crc.o)
 .rodata.crc16_le_table
                0x0000000000000000      0x200 /build/esp8266/ESP8266_RTOS_SDK/examples/wifi/sniffer/build/bootloader/util/libutil.a(crc.o)
 .xt.lit        0x0000000000000000       0x18 /build/esp8266/ESP8266_RTOS_SDK/examples/wifi/sniffer/build/bootloader/util/libutil.a(crc.o)
 .xt.prop       0x0000000000000000       0xfc /build/esp8266/ESP8266_RTOS_SDK/examples/wifi/sniffer/build/bootloader/util/libutil.a(crc.o)
 .literal.phy_reg_default
                0x0000000000000000        0x0 /build/esp8266/ESP8266_RTOS_SDK/components/esp8266/lib/libcore.a(phy.o)
 .text          0x0000000000000000        0x0 /build/esp8266/ESP8266_RTOS_SDK/components/esp8266/lib/libcore.a(phy.o)
 .data          0x0000000000000000        0x0 /build/esp8266/ESP8266_RTOS_SDK/components/esp8266/lib/libcore.a(phy.o)
 .bss           0x0000000000000000        0x0 /build/esp8266/ESP8266_RTOS_SDK/components/esp8266/lib/libcore.a(phy.o)
 .xt.lit        0x0000000000000000        0x8 /build/esp8266/ESP8266_RTOS_SDK/components/esp8266/lib/libcore.a(phy.o)
 .xt.prop       0x0000000000000000       0x48 /build/esp8266/ESP8266_RTOS_SDK/components/esp8266/lib/libcore.a(phy.o)
 .literal.uart_buff_switch
                0x0000000000000000        0x0 /build/esp8266/ESP8266_RTOS_SDK/components/esp8266/lib/libcore.a(uart.o)
 .literal.uart_div_modify
                0x0000000000000000        0x0 /build/esp8266/ESP8266_RTOS_SDK/components/esp8266/lib/libcore.a(uart.o)
 .literal.Uart_Init
                0x0000000000000000        0x0 /build/esp8266/ESP8266_RTOS_SDK/components/esp8266/lib/libcore.a(uart.o)
 .text          0x0000000000000000        0x0 /build/esp8266/ESP8266_RTOS_SDK/components/esp8266/lib/libcore.a(uart.o)
 .data          0x0000000000000000        0x0 /build/esp8266/ESP8266_RTOS_SDK/components/esp8266/lib/libcore.a(uart.o)
 .bss           0x0000000000000000        0x0 /build/esp8266/ESP8266_RTOS_SDK/components/esp8266/lib/libcore.a(uart.o)
 .text.uart_buff_switch
                0x0000000000000000        0x2 /build/esp8266/ESP8266_RTOS_SDK/components/esp8266/lib/libcore.a(uart.o)
 .text.Uart_Init
                0x0000000000000000        0x2 /build/esp8266/ESP8266_RTOS_SDK/components/esp8266/lib/libcore.a(uart.o)
 .xt.lit        0x0000000000000000        0x8 /build/esp8266/ESP8266_RTOS_SDK/components/esp8266/lib/libcore.a(uart.o)
 .xt.prop       0x0000000000000000       0x78 /build/esp8266/ESP8266_RTOS_SDK/components/esp8266/lib/libcore.a(uart.o)

Memory Configuration

Name             Origin             Length             Attributes
dport0_seg       0x000000003ff00000 0x0000000000000010
dram_seg         0x000000003ffe8000 0x0000000000017c00
iram_seg         0x0000000040100000 0x0000000000008000
*default*        0x0000000000000000 0xffffffffffffffff

Linker script and memory map

START GROUP
LOAD /build/esp8266/ESP8266_RTOS_SDK/examples/wifi/sniffer/build/bootloader/main/libmain.a
LOAD /build/esp8266/ESP8266_RTOS_SDK/components/esp8266/lib/libcore.a
LOAD /build/esp8266/ESP8266_RTOS_SDK/examples/wifi/sniffer/build/bootloader/bootloader_support/libbootloader_support.a
LOAD /build/esp8266/ESP8266_RTOS_SDK/examples/wifi/sniffer/build/bootloader/spi_flash/libspi_flash.a
LOAD /build/esp8266/ESP8266_RTOS_SDK/examples/wifi/sniffer/build/bootloader/log/liblog.a
LOAD /build/esp8266/ESP8266_RTOS_SDK/examples/wifi/sniffer/build/bootloader/esp8266/libesp8266.a
LOAD /build/esp8266/ESP8266_RTOS_SDK/examples/wifi/sniffer/build/bootloader/util/libutil.a
LOAD /build/esp8266/ESP8266_RTOS_SDK/components/esp8266/lib/libgcc.a
LOAD /opt/xtensa-lx106-elf/bin/../lib/gcc/xtensa-lx106-elf/5.2.0/../../../../xtensa-lx106-elf/lib/libstdc++.a
LOAD /opt/xtensa-lx106-elf/bin/../lib/gcc/xtensa-lx106-elf/5.2.0/libgcov.a
END GROUP

.text           0x0000000040100000     0x1c12
                0x0000000040100000                _stext = .
                0x0000000040100000                _text_start = ABSOLUTE (.)
                0x0000000040100000                . = ALIGN (0x10)
 *(.entry.text)
 *(.init.literal)
 *(.init)
 *(.literal .text .literal.* .text.* .stub .gnu.warning .gnu.linkonce.literal.* .gnu.linkonce.t.*.literal .gnu.linkonce.t.*)
 .literal.selected_boot_partition
                0x0000000040100000        0x0 /build/esp8266/ESP8266_RTOS_SDK/examples/wifi/sniffer/build/bootloader/main/libmain.a(bootloader_start.o)
                                          0x4 (size before relaxing)
 .literal.select_image
                0x0000000040100000        0xc /build/esp8266/ESP8266_RTOS_SDK/examples/wifi/sniffer/build/bootloader/main/libmain.a(bootloader_start.o)
                                         0x1c (size before relaxing)
 .literal.call_start_cpu
                0x000000004010000c        0x0 /build/esp8266/ESP8266_RTOS_SDK/examples/wifi/sniffer/build/bootloader/main/libmain.a(bootloader_start.o)
                                          0xc (size before relaxing)
 .literal.print_flash_info
                0x000000004010000c       0x48 /build/esp8266/ESP8266_RTOS_SDK/examples/wifi/sniffer/build/bootloader/bootloader_support/libbootloader_support.a(bootloader_init.o)
                                         0x54 (size before relaxing)
 .literal.uart_console_configure
                0x0000000040100054        0x0 /build/esp8266/ESP8266_RTOS_SDK/examples/wifi/sniffer/build/bootloader/bootloader_support/libbootloader_support.a(bootloader_init.o)
                                          0x4 (size before relaxing)
 .literal.update_flash_config
                0x0000000040100054        0x4 /build/esp8266/ESP8266_RTOS_SDK/examples/wifi/sniffer/build/bootloader/bootloader_support/libbootloader_support.a(bootloader_init.o)
                                          0x8 (size before relaxing)
 .literal.bootloader_main
                0x0000000040100058       0x10 /build/esp8266/ESP8266_RTOS_SDK/examples/wifi/sniffer/build/bootloader/bootloader_support/libbootloader_support.a(bootloader_init.o)
                                         0x34 (size before relaxing)
 .literal.bootloader_init
                0x0000000040100068        0x8 /build/esp8266/ESP8266_RTOS_SDK/examples/wifi/sniffer/build/bootloader/bootloader_support/libbootloader_support.a(bootloader_init.o)
                                         0x10 (size before relaxing)
 .literal.log_invalid_app_partition
                0x0000000040100070       0x14 /build/esp8266/ESP8266_RTOS_SDK/examples/wifi/sniffer/build/bootloader/bootloader_support/libbootloader_support.a(bootloader_utility.o)
                                         0x20 (size before relaxing)
 .literal.try_load_partition
                0x0000000040100084        0x4 /build/esp8266/ESP8266_RTOS_SDK/examples/wifi/sniffer/build/bootloader/bootloader_support/libbootloader_support.a(bootloader_utility.o)
                                         0x10 (size before relaxing)
 .literal.bootloader_utility_load_partition_table
                0x0000000040100088       0x4c /build/esp8266/ESP8266_RTOS_SDK/examples/wifi/sniffer/build/bootloader/bootloader_support/libbootloader_support.a(bootloader_utility.o)
                                         0x74 (size before relaxing)
 .literal.bootloader_utility_get_selected_boot_partition
                0x00000000401000d4       0x1c /build/esp8266/ESP8266_RTOS_SDK/examples/wifi/sniffer/build/bootloader/bootloader_support/libbootloader_support.a(bootloader_utility.o)
                                         0x5c (size before relaxing)
 .literal.bootloader_utility_load_boot_image
                0x00000000401000f0        0xc /build/esp8266/ESP8266_RTOS_SDK/examples/wifi/sniffer/build/bootloader/bootloader_support/libbootloader_support.a(bootloader_utility.o)
                                         0x40 (size before relaxing)
 .literal.bootloader_utility_load_image
                0x00000000401000fc       0x14 /build/esp8266/ESP8266_RTOS_SDK/examples/wifi/sniffer/build/bootloader/bootloader_support/libbootloader_support.a(bootloader_utility.o)
                                         0x1c (size before relaxing)
 .literal.bootloader_common_ota_select_crc
                0x0000000040100110        0x0 /build/esp8266/ESP8266_RTOS_SDK/examples/wifi/sniffer/build/bootloader/bootloader_support/libbootloader_support.a(bootloader_common.o)
                                          0x4 (size before relaxing)
 .literal.bootloader_common_ota_select_valid
                0x0000000040100110        0x0 /build/esp8266/ESP8266_RTOS_SDK/examples/wifi/sniffer/build/bootloader/bootloader_support/libbootloader_support.a(bootloader_common.o)
                                          0x4 (size before relaxing)
 .literal.esp_partition_table_basic_verify
                0x0000000040100110       0x1c /build/esp8266/ESP8266_RTOS_SDK/examples/wifi/sniffer/build/bootloader/bootloader_support/libbootloader_support.a(flash_partitions.o)
                                         0x2c (size before relaxing)
 .literal.should_map
                0x000000004010012c        0x4 /build/esp8266/ESP8266_RTOS_SDK/examples/wifi/sniffer/build/bootloader/bootloader_support/libbootloader_support.a(esp_image_format.o)
                                          0x8 (size before relaxing)
 .literal.should_load
                0x0000000040100130        0x0 /build/esp8266/ESP8266_RTOS_SDK/examples/wifi/sniffer/build/bootloader/bootloader_support/libbootloader_support.a(esp_image_format.o)
                                          0x4 (size before relaxing)
 .literal.verify_image_header
                0x0000000040100130       0x14 /build/esp8266/ESP8266_RTOS_SDK/examples/wifi/sniffer/build/bootloader/bootloader_support/libbootloader_support.a(esp_image_format.o)
                                         0x20 (size before relaxing)
 .literal.process_segment_data
                0x0000000040100144        0x8 /build/esp8266/ESP8266_RTOS_SDK/examples/wifi/sniffer/build/bootloader/bootloader_support/libbootloader_support.a(esp_image_format.o)
                                         0x14 (size before relaxing)
 .literal.verify_checksum
                0x000000004010014c        0x8 /build/esp8266/ESP8266_RTOS_SDK/examples/wifi/sniffer/build/bootloader/bootloader_support/libbootloader_support.a(esp_image_format.o)
                                         0x1c (size before relaxing)
 .literal.process_segment
                0x0000000040100154       0x18 /build/esp8266/ESP8266_RTOS_SDK/examples/wifi/sniffer/build/bootloader/bootloader_support/libbootloader_support.a(esp_image_format.o)
                                         0x40 (size before relaxing)
 .literal.esp_image_load
                0x000000004010016c       0x14 /build/esp8266/ESP8266_RTOS_SDK/examples/wifi/sniffer/build/bootloader/bootloader_support/libbootloader_support.a(esp_image_format.o)
                                         0x44 (size before relaxing)
 .literal.bootloader_flash_read_no_decrypt
                0x0000000040100180        0x4 /build/esp8266/ESP8266_RTOS_SDK/examples/wifi/sniffer/build/bootloader/bootloader_support/libbootloader_support.a(bootloader_flash.o)
 .literal.bootloader_mmap
                0x0000000040100184       0x10 /build/esp8266/ESP8266_RTOS_SDK/examples/wifi/sniffer/build/bootloader/bootloader_support/libbootloader_support.a(bootloader_flash.o)
                                         0x28 (size before relaxing)
 .literal.bootloader_munmap
                0x0000000040100194        0x0 /build/esp8266/ESP8266_RTOS_SDK/examples/wifi/sniffer/build/bootloader/bootloader_support/libbootloader_support.a(bootloader_flash.o)
                                          0x8 (size before relaxing)
 .literal.bootloader_flash_read
                0x0000000040100194        0xc /build/esp8266/ESP8266_RTOS_SDK/examples/wifi/sniffer/build/bootloader/bootloader_support/libbootloader_support.a(bootloader_flash.o)
                                         0x20 (size before relaxing)
 .literal.spi_user_cmd
                0x00000000401001a0        0x4 /build/esp8266/ESP8266_RTOS_SDK/examples/wifi/sniffer/build/bootloader/spi_flash/libspi_flash.a(spi_flash.o)
                                          0xc (size before relaxing)
 .literal.special_flash_read_status
                0x00000000401001a4        0x0 /build/esp8266/ESP8266_RTOS_SDK/examples/wifi/sniffer/build/bootloader/spi_flash/libspi_flash.a(spi_flash.o)
                                          0x4 (size before relaxing)
 .literal.flash_gd25q32c_read_status
                0x00000000401001a4        0x0 /build/esp8266/ESP8266_RTOS_SDK/examples/wifi/sniffer/build/bootloader/spi_flash/libspi_flash.a(spi_flash.o)
                                          0x4 (size before relaxing)
 .literal.special_flash_write_status
                0x00000000401001a4        0x0 /build/esp8266/ESP8266_RTOS_SDK/examples/wifi/sniffer/build/bootloader/spi_flash/libspi_flash.a(spi_flash.o)
                                          0x8 (size before relaxing)
 .literal.spi_flash_enable_qio_bit6
                0x00000000401001a4        0x0 /build/esp8266/ESP8266_RTOS_SDK/examples/wifi/sniffer/build/bootloader/spi_flash/libspi_flash.a(spi_flash.o)
                                          0x4 (size before relaxing)
 .literal.flash_gd25q32c_write_status
                0x00000000401001a4        0x0 /build/esp8266/ESP8266_RTOS_SDK/examples/wifi/sniffer/build/bootloader/spi_flash/libspi_flash.a(spi_flash.o)
                                          0x4 (size before relaxing)
 .literal.flash_gd25q32c_enable_QIO_mode
                0x00000000401001a4        0x0 /build/esp8266/ESP8266_RTOS_SDK/examples/wifi/sniffer/build/bootloader/spi_flash/libspi_flash.a(spi_flash.o)
                                          0xc (size before relaxing)
 .literal.en25q16x_read_sfdp
                0x00000000401001a4        0x4 /build/esp8266/ESP8266_RTOS_SDK/examples/wifi/sniffer/build/bootloader/spi_flash/libspi_flash.a(spi_flash.o)
                                          0x8 (size before relaxing)
 .literal.spi_flash_get_id
                0x00000000401001a8        0x0 /build/esp8266/ESP8266_RTOS_SDK/examples/wifi/sniffer/build/bootloader/spi_flash/libspi_flash.a(spi_flash.o)
                                          0xc (size before relaxing)
 .literal.spi_flash_read_status
                0x00000000401001a8        0x0 /build/esp8266/ESP8266_RTOS_SDK/examples/wifi/sniffer/build/bootloader/spi_flash/libspi_flash.a(spi_flash.o)
                                          0xc (size before relaxing)
 .literal.spi_flash_issi_enable_QIO_mode
                0x00000000401001a8        0x0 /build/esp8266/ESP8266_RTOS_SDK/examples/wifi/sniffer/build/bootloader/spi_flash/libspi_flash.a(spi_flash.o)
                                          0xc (size before relaxing)
 .literal.special_flash_set_mode
                0x00000000401001a8        0x0 /build/esp8266/ESP8266_RTOS_SDK/examples/wifi/sniffer/build/bootloader/spi_flash/libspi_flash.a(spi_flash.o)
                                          0x8 (size before relaxing)
 .literal.en25q16x_write_volatile_status
                0x00000000401001a8        0x0 /build/esp8266/ESP8266_RTOS_SDK/examples/wifi/sniffer/build/bootloader/spi_flash/libspi_flash.a(spi_flash.o)
                                         0x14 (size before relaxing)
 .literal.user_spi_flash_dio_to_qio_pre_init
                0x00000000401001a8       0x10 /build/esp8266/ESP8266_RTOS_SDK/examples/wifi/sniffer/build/bootloader/spi_flash/libspi_flash.a(spi_flash.o)
                                         0x34 (size before relaxing)
 .literal.esp_spi_flash_init
                0x00000000401001b8       0x20 /build/esp8266/ESP8266_RTOS_SDK/examples/wifi/sniffer/build/bootloader/spi_flash/libspi_flash.a(spi_flash.o)
                                         0x28 (size before relaxing)
 .literal.Cache_Read_Disable_2
                0x00000000401001d8        0xc /build/esp8266/ESP8266_RTOS_SDK/examples/wifi/sniffer/build/bootloader/spi_flash/libspi_flash.a(spi_flash_raw.o)
                                         0x10 (size before relaxing)
 .literal.Cache_Read_Enable_2
                0x00000000401001e4        0x4 /build/esp8266/ESP8266_RTOS_SDK/examples/wifi/sniffer/build/bootloader/spi_flash/libspi_flash.a(spi_flash_raw.o)
                                          0xc (size before relaxing)
 .literal.spi_flash_get_id_raw
                0x00000000401001e8       0x10 /build/esp8266/ESP8266_RTOS_SDK/examples/wifi/sniffer/build/bootloader/spi_flash/libspi_flash.a(spi_flash_raw.o)
                                         0x1c (size before relaxing)
 .literal.spi_flash_read_status_raw
                0x00000000401001f8        0x4 /build/esp8266/ESP8266_RTOS_SDK/examples/wifi/sniffer/build/bootloader/spi_flash/libspi_flash.a(spi_flash_raw.o)
                                          0xc (size before relaxing)
 .literal.spi_flash_enable_qmode_raw
                0x00000000401001fc        0x4 /build/esp8266/ESP8266_RTOS_SDK/examples/wifi/sniffer/build/bootloader/spi_flash/libspi_flash.a(spi_flash_raw.o)
                                         0x10 (size before relaxing)
 .literal.spi_user_cmd_raw
                0x0000000040100200       0x64 /build/esp8266/ESP8266_RTOS_SDK/examples/wifi/sniffer/build/bootloader/spi_flash/libspi_flash.a(spi_flash_raw.o)
                                         0x8c (size before relaxing)
 .literal.spi_flash_switch_to_qio_raw
                0x0000000040100264        0x8 /build/esp8266/ESP8266_RTOS_SDK/examples/wifi/sniffer/build/bootloader/spi_flash/libspi_flash.a(spi_flash_raw.o)
                                          0xc (size before relaxing)
 .literal.uart_putc
                0x000000004010026c        0xc /build/esp8266/ESP8266_RTOS_SDK/examples/wifi/sniffer/build/bootloader/esp8266/libesp8266.a(ets_printf.o)
 .literal.ets_putc
                0x0000000040100278        0x0 /build/esp8266/ESP8266_RTOS_SDK/examples/wifi/sniffer/build/bootloader/esp8266/libesp8266.a(ets_printf.o)
                                          0x8 (size before relaxing)
 .literal.ets_vprintf
                0x0000000040100278        0x8 /build/esp8266/ESP8266_RTOS_SDK/examples/wifi/sniffer/build/bootloader/esp8266/libesp8266.a(ets_printf.o)
 .literal.ets_printf
                0x0000000040100280        0x0 /build/esp8266/ESP8266_RTOS_SDK/examples/wifi/sniffer/build/bootloader/esp8266/libesp8266.a(ets_printf.o)
                                          0x4 (size before relaxing)
 .literal.crc32_le
                0x0000000040100280        0x4 /build/esp8266/ESP8266_RTOS_SDK/examples/wifi/sniffer/build/bootloader/util/libutil.a(crc.o)
 .iram1.0.literal
                0x0000000040100284        0x8 /build/esp8266/ESP8266_RTOS_SDK/examples/wifi/sniffer/build/bootloader/log/liblog.a(log.o)
 .iram1.1.literal
                0x000000004010028c       0x18 /build/esp8266/ESP8266_RTOS_SDK/examples/wifi/sniffer/build/bootloader/log/liblog.a(log.o)
                                         0x30 (size before relaxing)
 .text.selected_boot_partition
                0x00000000401002a4        0xf /build/esp8266/ESP8266_RTOS_SDK/examples/wifi/sniffer/build/bootloader/main/libmain.a(bootloader_start.o)
                                         0x13 (size before relaxing)
 *fill*         0x00000000401002b3        0x1 
 .text.select_image
                0x00000000401002b4       0x68 /build/esp8266/ESP8266_RTOS_SDK/examples/wifi/sniffer/build/bootloader/main/libmain.a(bootloader_start.o)
                                         0x70 (size before relaxing)
 .text.call_start_cpu
                0x000000004010031c       0x26 /build/esp8266/ESP8266_RTOS_SDK/examples/wifi/sniffer/build/bootloader/main/libmain.a(bootloader_start.o)
                                         0x2e (size before relaxing)
                0x000000004010031c                call_start_cpu
 *fill*         0x0000000040100342        0x2 
 .text.print_flash_info
                0x0000000040100344       0xc6 /build/esp8266/ESP8266_RTOS_SDK/examples/wifi/sniffer/build/bootloader/bootloader_support/libbootloader_support.a(bootloader_init.o)
                                         0xca (size before relaxing)
 *fill*         0x000000004010040a        0x2 
 .text.uart_console_configure
                0x000000004010040c       0x17 /build/esp8266/ESP8266_RTOS_SDK/examples/wifi/sniffer/build/bootloader/bootloader_support/libbootloader_support.a(bootloader_init.o)
 *fill*         0x0000000040100423        0x1 
 .text.update_flash_config
                0x0000000040100424       0x21 /build/esp8266/ESP8266_RTOS_SDK/examples/wifi/sniffer/build/bootloader/bootloader_support/libbootloader_support.a(bootloader_init.o)
 *fill*         0x0000000040100445        0x3 
 .text.bootloader_main
                0x0000000040100448       0x61 /build/esp8266/ESP8266_RTOS_SDK/examples/wifi/sniffer/build/bootloader/bootloader_support/libbootloader_support.a(bootloader_init.o)
                                         0x79 (size before relaxing)
 *fill*         0x00000000401004a9        0x3 
 .text.bootloader_init
                0x00000000401004ac       0x25 /build/esp8266/ESP8266_RTOS_SDK/examples/wifi/sniffer/build/bootloader/bootloader_support/libbootloader_support.a(bootloader_init.o)
                                         0x29 (size before relaxing)
                0x00000000401004ac                bootloader_init
 *fill*         0x00000000401004d1        0x3 
 .text.log_invalid_app_partition
                0x00000000401004d4       0x4b /build/esp8266/ESP8266_RTOS_SDK/examples/wifi/sniffer/build/bootloader/bootloader_support/libbootloader_support.a(bootloader_utility.o)
                                         0x53 (size before relaxing)
 *fill*         0x000000004010051f        0x1 
 .text.try_load_partition
                0x0000000040100520       0x3d /build/esp8266/ESP8266_RTOS_SDK/examples/wifi/sniffer/build/bootloader/bootloader_support/libbootloader_support.a(bootloader_utility.o)
                                         0x41 (size before relaxing)
 *fill*         0x000000004010055d        0x3 
 .text.bootloader_utility_load_partition_table
                0x0000000040100560      0x171 /build/esp8266/ESP8266_RTOS_SDK/examples/wifi/sniffer/build/bootloader/bootloader_support/libbootloader_support.a(bootloader_utility.o)
                                        0x185 (size before relaxing)
                0x0000000040100560                bootloader_utility_load_partition_table
 *fill*         0x00000000401006d1        0x3 
 .text.bootloader_utility_get_selected_boot_partition
                0x00000000401006d4      0x146 /build/esp8266/ESP8266_RTOS_SDK/examples/wifi/sniffer/build/bootloader/bootloader_support/libbootloader_support.a(bootloader_utility.o)
                                        0x15e (size before relaxing)
                0x00000000401006d4                bootloader_utility_get_selected_boot_partition
 *fill*         0x000000004010081a        0x2 
 .text.bootloader_utility_load_boot_image
                0x000000004010081c       0xd6 /build/esp8266/ESP8266_RTOS_SDK/examples/wifi/sniffer/build/bootloader/bootloader_support/libbootloader_support.a(bootloader_utility.o)
                                         0xfa (size before relaxing)
                0x000000004010081c                bootloader_utility_load_boot_image
 *fill*         0x00000000401008f2        0x2 
 .text.bootloader_utility_load_image
                0x00000000401008f4       0x69 /build/esp8266/ESP8266_RTOS_SDK/examples/wifi/sniffer/build/bootloader/bootloader_support/libbootloader_support.a(bootloader_utility.o)
                0x00000000401008f4                bootloader_utility_load_image
 *fill*         0x000000004010095d        0x3 
 .text.bootloader_common_ota_select_crc
                0x0000000040100960       0x18 /build/esp8266/ESP8266_RTOS_SDK/examples/wifi/sniffer/build/bootloader/bootloader_support/libbootloader_support.a(bootloader_common.o)
                0x0000000040100960                bootloader_common_ota_select_crc
 .text.bootloader_common_ota_select_valid
                0x0000000040100978       0x2c /build/esp8266/ESP8266_RTOS_SDK/examples/wifi/sniffer/build/bootloader/bootloader_support/libbootloader_support.a(bootloader_common.o)
                0x0000000040100978                bootloader_common_ota_select_valid
 .text.esp_partition_table_basic_verify
                0x00000000401009a4       0xe7 /build/esp8266/ESP8266_RTOS_SDK/examples/wifi/sniffer/build/bootloader/bootloader_support/libbootloader_support.a(flash_partitions.o)
                                         0xeb (size before relaxing)
                0x00000000401009a4                esp_partition_table_basic_verify
 *fill*         0x0000000040100a8b        0x1 
 .text.should_map
                0x0000000040100a8c       0x15 /build/esp8266/ESP8266_RTOS_SDK/examples/wifi/sniffer/build/bootloader/bootloader_support/libbootloader_support.a(esp_image_format.o)
 *fill*         0x0000000040100aa1        0x3 
 .text.should_load
                0x0000000040100aa4       0x19 /build/esp8266/ESP8266_RTOS_SDK/examples/wifi/sniffer/build/bootloader/bootloader_support/libbootloader_support.a(esp_image_format.o)
                                         0x1d (size before relaxing)
 *fill*         0x0000000040100abd        0x3 
 .text.verify_image_header
                0x0000000040100ac0       0x7d /build/esp8266/ESP8266_RTOS_SDK/examples/wifi/sniffer/build/bootloader/bootloader_support/libbootloader_support.a(esp_image_format.o)
                                         0x85 (size before relaxing)
 *fill*         0x0000000040100b3d        0x3 
 .text.process_segment_data
                0x0000000040100b40       0x87 /build/esp8266/ESP8266_RTOS_SDK/examples/wifi/sniffer/build/bootloader/bootloader_support/libbootloader_support.a(esp_image_format.o)
                                         0x8f (size before relaxing)
 *fill*         0x0000000040100bc7        0x1 
 .text.verify_checksum
                0x0000000040100bc8       0x92 /build/esp8266/ESP8266_RTOS_SDK/examples/wifi/sniffer/build/bootloader/bootloader_support/libbootloader_support.a(esp_image_format.o)
                                         0x9a (size before relaxing)
 *fill*         0x0000000040100c5a        0x2 
 .text.process_segment
                0x0000000040100c5c      0x11a /build/esp8266/ESP8266_RTOS_SDK/examples/wifi/sniffer/build/bootloader/bootloader_support/libbootloader_support.a(esp_image_format.o)
                                        0x12a (size before relaxing)
 *fill*         0x0000000040100d76        0x2 
 .text.esp_image_load
                0x0000000040100d78      0x193 /build/esp8266/ESP8266_RTOS_SDK/examples/wifi/sniffer/build/bootloader/bootloader_support/libbootloader_support.a(esp_image_format.o)
                                        0x1ab (size before relaxing)
                0x0000000040100d78                esp_image_load
 *fill*         0x0000000040100f0b        0x1 
 .text.bootloader_flash_read_no_decrypt
                0x0000000040100f0c       0x15 /build/esp8266/ESP8266_RTOS_SDK/examples/wifi/sniffer/build/bootloader/bootloader_support/libbootloader_support.a(bootloader_flash.o)
 *fill*         0x0000000040100f21        0x3 
 .text.bootloader_mmap
                0x0000000040100f24       0x63 /build/esp8266/ESP8266_RTOS_SDK/examples/wifi/sniffer/build/bootloader/bootloader_support/libbootloader_support.a(bootloader_flash.o)
                                         0x67 (size before relaxing)
                0x0000000040100f24                bootloader_mmap
 *fill*         0x0000000040100f87        0x1 
 .text.bootloader_munmap
                0x0000000040100f88       0x23 /build/esp8266/ESP8266_RTOS_SDK/examples/wifi/sniffer/build/bootloader/bootloader_support/libbootloader_support.a(bootloader_flash.o)
                0x0000000040100f88                bootloader_munmap
 *fill*         0x0000000040100fab        0x1 
 .text.bootloader_flash_read
                0x0000000040100fac       0x62 /build/esp8266/ESP8266_RTOS_SDK/examples/wifi/sniffer/build/bootloader/bootloader_support/libbootloader_support.a(bootloader_flash.o)
                                         0x65 (size before relaxing)
                0x0000000040100fac                bootloader_flash_read
 *fill*         0x000000004010100e        0x2 
 .text.spi_user_cmd
                0x0000000040101010       0x4d /build/esp8266/ESP8266_RTOS_SDK/examples/wifi/sniffer/build/bootloader/spi_flash/libspi_flash.a(spi_flash.o)
                0x0000000040101010                spi_user_cmd
 *fill*         0x000000004010105d        0x3 
 .text.special_flash_read_status
                0x0000000040101060       0x39 /build/esp8266/ESP8266_RTOS_SDK/examples/wifi/sniffer/build/bootloader/spi_flash/libspi_flash.a(spi_flash.o)
                                         0x3d (size before relaxing)
                0x0000000040101060                special_flash_read_status
 *fill*         0x0000000040101099        0x3 
 .text.flash_gd25q32c_read_status
                0x000000004010109c       0x33 /build/esp8266/ESP8266_RTOS_SDK/examples/wifi/sniffer/build/bootloader/spi_flash/libspi_flash.a(spi_flash.o)
 *fill*         0x00000000401010cf        0x1 
 .text.special_flash_write_status
                0x00000000401010d0       0x59 /build/esp8266/ESP8266_RTOS_SDK/examples/wifi/sniffer/build/bootloader/spi_flash/libspi_flash.a(spi_flash.o)
                                         0x61 (size before relaxing)
                0x00000000401010d0                special_flash_write_status
 *fill*         0x0000000040101129        0x3 
 .text.spi_flash_enable_qio_bit6
                0x000000004010112c       0x17 /build/esp8266/ESP8266_RTOS_SDK/examples/wifi/sniffer/build/bootloader/spi_flash/libspi_flash.a(spi_flash.o)
                                         0x1b (size before relaxing)
 *fill*         0x0000000040101143        0x1 
 .text.flash_gd25q32c_write_status
                0x0000000040101144       0x30 /build/esp8266/ESP8266_RTOS_SDK/examples/wifi/sniffer/build/bootloader/spi_flash/libspi_flash.a(spi_flash.o)
 .text.flash_gd25q32c_enable_QIO_mode
                0x0000000040101174       0x3e /build/esp8266/ESP8266_RTOS_SDK/examples/wifi/sniffer/build/bootloader/spi_flash/libspi_flash.a(spi_flash.o)
                                         0x46 (size before relaxing)
 *fill*         0x00000000401011b2        0x2 
 .text.en25q16x_read_sfdp
                0x00000000401011b4       0x43 /build/esp8266/ESP8266_RTOS_SDK/examples/wifi/sniffer/build/bootloader/spi_flash/libspi_flash.a(spi_flash.o)
                0x00000000401011b4                en25q16x_read_sfdp
 *fill*         0x00000000401011f7        0x1 
 .text.spi_flash_get_id
                0x00000000401011f8       0x26 /build/esp8266/ESP8266_RTOS_SDK/examples/wifi/sniffer/build/bootloader/spi_flash/libspi_flash.a(spi_flash.o)
                0x00000000401011f8                spi_flash_get_id
 *fill*         0x000000004010121e        0x2 
 .text.spi_flash_read_status
                0x0000000040101220       0x28 /build/esp8266/ESP8266_RTOS_SDK/examples/wifi/sniffer/build/bootloader/spi_flash/libspi_flash.a(spi_flash.o)
                0x0000000040101220                spi_flash_read_status
 .text.spi_flash_issi_enable_QIO_mode
                0x0000000040101248       0x43 /build/esp8266/ESP8266_RTOS_SDK/examples/wifi/sniffer/build/bootloader/spi_flash/libspi_flash.a(spi_flash.o)
                                         0x4b (size before relaxing)
 *fill*         0x000000004010128b        0x1 
 .text.special_flash_set_mode
                0x000000004010128c       0x40 /build/esp8266/ESP8266_RTOS_SDK/examples/wifi/sniffer/build/bootloader/spi_flash/libspi_flash.a(spi_flash.o)
                                         0x44 (size before relaxing)
                0x000000004010128c                special_flash_set_mode
 .text.en25q16x_write_volatile_status
                0x00000000401012cc       0x4f /build/esp8266/ESP8266_RTOS_SDK/examples/wifi/sniffer/build/bootloader/spi_flash/libspi_flash.a(spi_flash.o)
                                         0x5b (size before relaxing)
                0x00000000401012cc                en25q16x_write_volatile_status
 *fill*         0x000000004010131b        0x1 
 .text.user_spi_flash_dio_to_qio_pre_init
                0x000000004010131c       0xd1 /build/esp8266/ESP8266_RTOS_SDK/examples/wifi/sniffer/build/bootloader/spi_flash/libspi_flash.a(spi_flash.o)
                                         0xdd (size before relaxing)
                0x000000004010131c                user_spi_flash_dio_to_qio_pre_init
 *fill*         0x00000000401013ed        0x3 
 .text.esp_spi_flash_init
                0x00000000401013f0       0xc1 /build/esp8266/ESP8266_RTOS_SDK/examples/wifi/sniffer/build/bootloader/spi_flash/libspi_flash.a(spi_flash.o)
                                         0xc5 (size before relaxing)
                0x00000000401013f0                esp_spi_flash_init
 *fill*         0x00000000401014b1        0x3 
 .text.Cache_Read_Disable_2
                0x00000000401014b4       0x34 /build/esp8266/ESP8266_RTOS_SDK/examples/wifi/sniffer/build/bootloader/spi_flash/libspi_flash.a(spi_flash_raw.o)
                0x00000000401014b4                Cache_Read_Disable_2
 .text.Cache_Read_Enable_2
                0x00000000401014e8       0x28 /build/esp8266/ESP8266_RTOS_SDK/examples/wifi/sniffer/build/bootloader/spi_flash/libspi_flash.a(spi_flash_raw.o)
                0x00000000401014e8                Cache_Read_Enable_New
                0x00000000401014e8                Cache_Read_Enable_2
 .text.spi_flash_get_id_raw
                0x0000000040101510       0x57 /build/esp8266/ESP8266_RTOS_SDK/examples/wifi/sniffer/build/bootloader/spi_flash/libspi_flash.a(spi_flash_raw.o)
                0x0000000040101510                spi_flash_get_id_raw
 *fill*         0x0000000040101567        0x1 
 .text.spi_flash_read_status_raw
                0x0000000040101568       0x2f /build/esp8266/ESP8266_RTOS_SDK/examples/wifi/sniffer/build/bootloader/spi_flash/libspi_flash.a(spi_flash_raw.o)
                                         0x33 (size before relaxing)
                0x0000000040101568                spi_flash_read_status_raw
 *fill*         0x0000000040101597        0x1 
 .text.spi_flash_enable_qmode_raw
                0x0000000040101598       0x33 /build/esp8266/ESP8266_RTOS_SDK/examples/wifi/sniffer/build/bootloader/spi_flash/libspi_flash.a(spi_flash_raw.o)
                                         0x37 (size before relaxing)
                0x0000000040101598                spi_flash_enable_qmode_raw
 *fill*         0x00000000401015cb        0x1 
 .text.spi_user_cmd_raw
                0x00000000401015cc      0x3d7 /build/esp8266/ESP8266_RTOS_SDK/examples/wifi/sniffer/build/bootloader/spi_flash/libspi_flash.a(spi_flash_raw.o)
                0x00000000401015cc                spi_user_cmd_raw
 *fill*         0x00000000401019a3        0x1 
 .text.spi_flash_switch_to_qio_raw
                0x00000000401019a4       0x25 /build/esp8266/ESP8266_RTOS_SDK/examples/wifi/sniffer/build/bootloader/spi_flash/libspi_flash.a(spi_flash_raw.o)
                0x00000000401019a4                spi_flash_switch_to_qio_raw
 *fill*         0x00000000401019c9        0x3 
 .text.uart_putc
                0x00000000401019cc       0x21 /build/esp8266/ESP8266_RTOS_SDK/examples/wifi/sniffer/build/bootloader/esp8266/libesp8266.a(ets_printf.o)
 *fill*         0x00000000401019ed        0x3 
 .text.ets_putc
                0x00000000401019f0       0x27 /build/esp8266/ESP8266_RTOS_SDK/examples/wifi/sniffer/build/bootloader/esp8266/libesp8266.a(ets_printf.o)
                0x00000000401019f0                ets_putc
 *fill*         0x0000000040101a17        0x1 
 .text.ets_vprintf
                0x0000000040101a18       0x1f /build/esp8266/ESP8266_RTOS_SDK/examples/wifi/sniffer/build/bootloader/esp8266/libesp8266.a(ets_printf.o)
                0x0000000040101a18                ets_vprintf
 *fill*         0x0000000040101a37        0x1 
 .text.ets_printf
                0x0000000040101a38       0x27 /build/esp8266/ESP8266_RTOS_SDK/examples/wifi/sniffer/build/bootloader/esp8266/libesp8266.a(ets_printf.o)
                                         0x2b (size before relaxing)
                0x0000000040101a38                ets_printf
 *fill*         0x0000000040101a5f        0x1 
 .text.crc32_le
                0x0000000040101a60       0x2f /build/esp8266/ESP8266_RTOS_SDK/examples/wifi/sniffer/build/bootloader/util/libutil.a(crc.o)
                0x0000000040101a60                crc32_le
 *fill*         0x0000000040101a8f        0x1 
 .text.phy_reg_default
                0x0000000040101a90       0x36 /build/esp8266/ESP8266_RTOS_SDK/components/esp8266/lib/libcore.a(phy.o)
                0x0000000040101aa0                phy_reg_default
 *fill*         0x0000000040101ac6        0x2 
 .text.uart_div_modify
                0x0000000040101ac8       0x50 /build/esp8266/ESP8266_RTOS_SDK/components/esp8266/lib/libcore.a(uart.o)
                0x0000000040101ad8                uart_div_modify
 *fill*         0x0000000040101b18        0x0 
 *fill*         0x0000000040101b18        0x0 
 *fill*         0x0000000040101b18        0x0 
 *fill*         0x0000000040101b18        0x0 
 *fill*         0x0000000040101b18        0x0 
 *fill*         0x0000000040101b18        0x0 
 *fill*         0x0000000040101b18        0x0 
 .text.index_to_partition
                0x0000000040101b18       0x4b /build/esp8266/ESP8266_RTOS_SDK/examples/wifi/sniffer/build/bootloader/bootloader_support/libbootloader_support.a(bootloader_utility.o)
 *fill*         0x0000000040101b63        0x0 
 *fill*         0x0000000040101b63        0x0 
 *fill*         0x0000000040101b63        0x0 
 *fill*         0x0000000040101b63        0x0 
 *fill*         0x0000000040101b63        0x0 
 *fill*         0x0000000040101b63        0x0 
 *fill*         0x0000000040101b63        0x0 
 *fill*         0x0000000040101b63        0x1 
 .text.verify_segment_header
                0x0000000040101b64        0x4 /build/esp8266/ESP8266_RTOS_SDK/examples/wifi/sniffer/build/bootloader/bootloader_support/libbootloader_support.a(esp_image_format.o)
 *fill*         0x0000000040101b68        0x0 
 *fill*         0x0000000040101b68        0x0 
 *fill*         0x0000000040101b68        0x0 
 *fill*         0x0000000040101b68        0x0 
 *fill*         0x0000000040101b68        0x0 
 *fill*         0x0000000040101b68        0x0 
 *fill*         0x0000000040101b68        0x0 
 *fill*         0x0000000040101b68        0x0 
 *fill*         0x0000000040101b68        0x0 
 *fill*         0x0000000040101b68        0x0 
 *fill*         0x0000000040101b68        0x0 
 *fill*         0x0000000040101b68        0x0 
 *fill*         0x0000000040101b68        0x0 
 *fill*         0x0000000040101b68        0x0 
 *fill*         0x0000000040101b68        0x0 
 *fill*         0x0000000040101b68        0x0 
 *fill*         0x0000000040101b68        0x0 
 *fill*         0x0000000040101b68        0x0 
 *fill*         0x0000000040101b68        0x0 
 *fill*         0x0000000040101b68        0x0 
 *fill*         0x0000000040101b68        0x0 
 *fill*         0x0000000040101b68        0x0 
 *fill*         0x0000000040101b68        0x0 
 *fill*         0x0000000040101b68        0x0 
 *fill*         0x0000000040101b68        0x0 
 *fill*         0x0000000040101b68        0x0 
 *fill*         0x0000000040101b68        0x0 
 *fill*         0x0000000040101b68        0x0 
 *fill*         0x0000000040101b68        0x0 
 *fill*         0x0000000040101b68        0x0 
 *fill*         0x0000000040101b68        0x0 
 *fill*         0x0000000040101b68        0x0 
 *fill*         0x0000000040101b68        0x0 
 *fill*         0x0000000040101b68        0x0 
 *(.iram1 .iram1.*)
 .iram1.0       0x0000000040101b68       0x18 /build/esp8266/ESP8266_RTOS_SDK/examples/wifi/sniffer/build/bootloader/log/liblog.a(log.o)
                0x0000000040101b68                esp_log_early_timestamp
 .iram1.1       0x0000000040101b80       0x92 /build/esp8266/ESP8266_RTOS_SDK/examples/wifi/sniffer/build/bootloader/log/liblog.a(log.o)
                                         0x9d (size before relaxing)
                0x0000000040101b80                esp_early_log_write
 *(.fini.literal)
 *(.fini)
 *(.gnu.version)
                0x0000000040101c12                _text_end = ABSOLUTE (.)
                0x0000000040101c12                _etext = .

.bss            0x000000003ffe8000      0x408
                0x000000003ffe8000                . = ALIGN (0x8)
                0x000000003ffe8000                _bss_start = ABSOLUTE (.)
 *(.dynsbss)
 *(.sbss)
 *(.sbss.*)
 *(.gnu.linkonce.sb.*)
 *(.scommon)
 *(.sbss2)
 *(.sbss2.*)
 *(.gnu.linkonce.sb2.*)
 *(.dynbss)
 *(.bss)
 *(.bss.*)
 .bss.pbuf$3464
                0x000000003ffe8000      0x400 /build/esp8266/ESP8266_RTOS_SDK/examples/wifi/sniffer/build/bootloader/bootloader_support/libbootloader_support.a(esp_image_format.o)
 .bss.mapped    0x000000003ffe8400        0x1 /build/esp8266/ESP8266_RTOS_SDK/examples/wifi/sniffer/build/bootloader/bootloader_support/libbootloader_support.a(bootloader_flash.o)
 .bss.FlashIsOnGoing
                0x000000003ffe8401        0x1 /build/esp8266/ESP8266_RTOS_SDK/examples/wifi/sniffer/build/bootloader/spi_flash/libspi_flash.a(spi_flash.o)
                0x000000003ffe8401                FlashIsOnGoing
 *(.gnu.linkonce.b.*)
 *(COMMON)
                0x000000003ffe8408                . = ALIGN (0x8)
 *fill*         0x000000003ffe8402        0x6 
                0x000000003ffe8408                _bss_end = ABSOLUTE (.)

.data           0x000000003ffe8408       0x18
                0x000000003ffe8408                _data_start = ABSOLUTE (.)
 *(.data)
 *(.data.*)
 .data.g_rom_flashchip
                0x000000003ffe8408       0x18 /build/esp8266/ESP8266_RTOS_SDK/examples/wifi/sniffer/build/bootloader/spi_flash/libspi_flash.a(spi_flash.o)
                0x000000003ffe8408                g_rom_flashchip
 *(.gnu.linkonce.d.*)
 *(.data1)
 *(.sdata)
 *(.sdata.*)
 *(.gnu.linkonce.s.*)
 *(.sdata2)
 *(.sdata2.*)
 *(.gnu.linkonce.s2.*)
 *(.jcr)
                0x000000003ffe8420                _data_end = ABSOLUTE (.)

.rodata         0x000000003ffe8420      0xddc
                0x000000003ffe8420                _rodata_start = ABSOLUTE (.)
 *(.rodata)
 *(.rodata.*)
 .rodata.str1.4
                0x000000003ffe8420       0x21 /build/esp8266/ESP8266_RTOS_SDK/examples/wifi/sniffer/build/bootloader/main/libmain.a(bootloader_start.o)
 *fill*         0x000000003ffe8441        0x3 
 .rodata.str1.4
                0x000000003ffe8444       0xfa /build/esp8266/ESP8266_RTOS_SDK/examples/wifi/sniffer/build/bootloader/bootloader_support/libbootloader_support.a(bootloader_init.o)
                                        0x106 (size before relaxing)
 *fill*         0x000000003ffe853e        0x2 
 .rodata.print_flash_info
                0x000000003ffe8540       0x28 /build/esp8266/ESP8266_RTOS_SDK/examples/wifi/sniffer/build/bootloader/bootloader_support/libbootloader_support.a(bootloader_init.o)
 .rodata.str1.4
                0x000000003ffe8568      0x38a /build/esp8266/ESP8266_RTOS_SDK/examples/wifi/sniffer/build/bootloader/bootloader_support/libbootloader_support.a(bootloader_utility.o)
                                        0x392 (size before relaxing)
 *fill*         0x000000003ffe88f2        0x2 
 .rodata.str1.4
                0x000000003ffe88f4       0xb4 /build/esp8266/ESP8266_RTOS_SDK/examples/wifi/sniffer/build/bootloader/bootloader_support/libbootloader_support.a(flash_partitions.o)
 .rodata.str1.4
                0x000000003ffe89a8      0x26b /build/esp8266/ESP8266_RTOS_SDK/examples/wifi/sniffer/build/bootloader/bootloader_support/libbootloader_support.a(esp_image_format.o)
                                        0x26f (size before relaxing)
 *fill*         0x000000003ffe8c13        0x1 
 .rodata.str1.4
                0x000000003ffe8c14      0x17b /build/esp8266/ESP8266_RTOS_SDK/examples/wifi/sniffer/build/bootloader/bootloader_support/libbootloader_support.a(bootloader_flash.o)
 *fill*         0x000000003ffe8d8f        0x1 
 .rodata.str1.4
                0x000000003ffe8d90       0x29 /build/esp8266/ESP8266_RTOS_SDK/examples/wifi/sniffer/build/bootloader/spi_flash/libspi_flash.a(spi_flash.o)
 *fill*         0x000000003ffe8db9        0x3 
 .rodata.str1.4
                0x000000003ffe8dbc       0x20 /build/esp8266/ESP8266_RTOS_SDK/examples/wifi/sniffer/build/bootloader/log/liblog.a(log.o)
                                         0x22 (size before relaxing)
 .rodata.s_log_prefix
                0x000000003ffe8ddc        0x6 /build/esp8266/ESP8266_RTOS_SDK/examples/wifi/sniffer/build/bootloader/log/liblog.a(log.o)
 *fill*         0x000000003ffe8de2        0x2 
 .rodata.s_log_color
                0x000000003ffe8de4       0x18 /build/esp8266/ESP8266_RTOS_SDK/examples/wifi/sniffer/build/bootloader/log/liblog.a(log.o)
 .rodata.crc32_le_table
                0x000000003ffe8dfc      0x400 /build/esp8266/ESP8266_RTOS_SDK/examples/wifi/sniffer/build/bootloader/util/libutil.a(crc.o)
 *(.gnu.linkonce.r.*)
 *(.rodata1)
                0x000000003ffe91fc                __XT_EXCEPTION_TABLE_ = ABSOLUTE (.)
 *(.xt_except_table)
 *(.gcc_except_table)
 *(.gnu.linkonce.e.*)
 *(.gnu.version_r)
 *(.eh_frame)
                0x000000003ffe91fc                . = ((. + 0x3) & 0xfffffffffffffffc)
                0x000000003ffe91fc                __init_array_start = ABSOLUTE (.)
 *crtbegin.o(.ctors)
 *(EXCLUDE_FILE(*crtend.o) .ctors)
 *(SORT(.ctors.*))
 *(.ctors)
                0x000000003ffe91fc                __init_array_end = ABSOLUTE (.)
 *crtbegin.o(.dtors)
 *(EXCLUDE_FILE(*crtend.o) .dtors)
 *(SORT(.dtors.*))
 *(.dtors)
                0x000000003ffe91fc                __XT_EXCEPTION_DESCS_ = ABSOLUTE (.)
 *(.xt_except_desc)
 *(.gnu.linkonce.h.*)
                0x000000003ffe91fc                __XT_EXCEPTION_DESCS_END__ = ABSOLUTE (.)
 *(.xt_except_desc_end)
 *(.dynamic)
 *(.gnu.version_d)
                0x000000003ffe91fc                _rodata_end = ABSOLUTE (.)
                0x000000003ffe91fc                _lit4_start = ABSOLUTE (.)
 *(*.lit4)
 *(.lit4.*)
 *(.gnu.linkonce.lit4.*)
                0x000000003ffe91fc                _lit4_end = ABSOLUTE (.)
                0x000000003ffe91fc                . = ALIGN (0x4)
                0x000000003ffe91fc                _heap_start = ABSOLUTE (.)
                0x0000000060001100                PROVIDE (rtc_sys_info, 0x60001100)
                0x00000000400040c0                PROVIDE (SPI_sector_erase, 0x400040c0)
                0x0000000040004174                PROVIDE (SPI_page_program, 0x40004174)
                0x00000000400042ac                PROVIDE (SPI_read_data, 0x400042ac)
                0x00000000400043c8                PROVIDE (SPI_read_status, 0x400043c8)
                0x0000000040004400                PROVIDE (SPI_write_status, 0x40004400)
                0x000000004000443c                PROVIDE (SPI_write_enable, 0x4000443c)
                0x000000004000448c                PROVIDE (Wait_SPI_Idle, 0x4000448c)
                0x00000000400044c0                PROVIDE (Enable_QMode, 0x400044c0)
                [!provide]                        PROVIDE (Disable_QMode, 0x40004508)
                0x0000000040004678                PROVIDE (Cache_Read_Enable, 0x40004678)
                0x00000000400047f0                PROVIDE (Cache_Read_Disable, 0x400047f0)
                [!provide]                        PROVIDE (lldesc_build_chain, 0x40004f40)
                [!provide]                        PROVIDE (lldesc_num2link, 0x40005050)
                [!provide]                        PROVIDE (lldesc_set_owner, 0x4000507c)
                [!provide]                        PROVIDE (__adddf3, 0x4000c538)
                [!provide]                        PROVIDE (__addsf3, 0x4000c180)
                [!provide]                        PROVIDE (__divdf3, 0x4000cb94)
                [!provide]                        PROVIDE (__divdi3, 0x4000ce60)
                [!provide]                        PROVIDE (__divsi3, 0x4000dc88)
                [!provide]                        PROVIDE (__extendsfdf2, 0x4000cdfc)
                [!provide]                        PROVIDE (__fixdfsi, 0x4000ccb8)
                [!provide]                        PROVIDE (__fixunsdfsi, 0x4000cd00)
                [!provide]                        PROVIDE (__fixunssfsi, 0x4000c4c4)
                [!provide]                        PROVIDE (__floatsidf, 0x4000e2f0)
                [!provide]                        PROVIDE (__floatsisf, 0x4000e2ac)
                [!provide]                        PROVIDE (__floatunsidf, 0x4000e2e8)
                [!provide]                        PROVIDE (__floatunsisf, 0x4000e2a4)
                [!provide]                        PROVIDE (__muldf3, 0x4000c8f0)
                [!provide]                        PROVIDE (__muldi3, 0x40000650)
                [!provide]                        PROVIDE (__mulsf3, 0x4000c3dc)
                [!provide]                        PROVIDE (__subdf3, 0x4000c688)
                [!provide]                        PROVIDE (__subsf3, 0x4000c268)
                [!provide]                        PROVIDE (__truncdfsf2, 0x4000cd5c)
                [!provide]                        PROVIDE (__udivdi3, 0x4000d310)
                0x000000004000e21c                PROVIDE (__udivsi3, 0x4000e21c)
                [!provide]                        PROVIDE (__umoddi3, 0x4000d770)
                0x000000004000e268                PROVIDE (__umodsi3, 0x4000e268)
                [!provide]                        PROVIDE (__umulsidi3, 0x4000dcf0)
                [!provide]                        PROVIDE (bzero, 0x4000de84)
                [!provide]                        PROVIDE (memcmp, 0x4000dea8)
                0x000000004000df48                PROVIDE (memcpy, 0x4000df48)
                [!provide]                        PROVIDE (memmove, 0x4000e04c)
                0x000000004000e190                PROVIDE (memset, 0x4000e190)
                [!provide]                        PROVIDE (strcmp, 0x4000bdc8)
                [!provide]                        PROVIDE (strcpy, 0x4000bec8)
                [!provide]                        PROVIDE (strlen, 0x4000bf4c)
                [!provide]                        PROVIDE (strncmp, 0x4000bfa8)
                [!provide]                        PROVIDE (strncpy, 0x4000c0a0)
                [!provide]                        PROVIDE (strstr, 0x4000e1e0)
                0x0000000040004cf0                PROVIDE (gpio_input_get, 0x40004cf0)
                [!provide]                        PROVIDE (gpio_pin_wakeup_disable, 0x40004ed4)
                [!provide]                        PROVIDE (gpio_pin_wakeup_enable, 0x40004e90)
                0x0000000040001f00                PROVIDE (ets_io_vprintf, 0x40001f00)
                [!provide]                        PROVIDE (uart_rx_one_char, 0x40003b8c)
                [!provide]                        PROVIDE (rom_i2c_readReg, 0x40007268)
                [!provide]                        PROVIDE (rom_i2c_readReg_Mask, 0x4000729c)
                [!provide]                        PROVIDE (rom_i2c_writeReg, 0x400072d8)
                [!provide]                        PROVIDE (rom_i2c_writeReg_Mask, 0x4000730c)
                [!provide]                        PROVIDE (ets_memcpy, 0x400018b4)
                0x0000000040004b1c                PROVIDE (SPIRead, 0x40004b1c)
                0x0000000040004a4c                PROVIDE (SPIWrite, 0x40004a4c)
                0x0000000040004a00                PROVIDE (SPIEraseSector, 0x40004a00)
                [!provide]                        PROVIDE (gpio_input_get, 0x40004cf0)
                [!provide]                        PROVIDE (xthal_get_ccount, 0x4000dd38)
                [!provide]                        PROVIDE (uart_div_modify, 0x400039d8)
                [!provide]                        PROVIDE (ets_io_vprintf, 0x40001f00)
OUTPUT(/build/esp8266/ESP8266_RTOS_SDK/examples/wifi/sniffer/build/bootloader/bootloader.elf elf32-xtensa-le)

.debug_frame    0x0000000000000000      0xab8
 .debug_frame   0x0000000000000000       0x74 /build/esp8266/ESP8266_RTOS_SDK/examples/wifi/sniffer/build/bootloader/main/libmain.a(bootloader_start.o)
 .debug_frame   0x0000000000000074       0xb4 /build/esp8266/ESP8266_RTOS_SDK/examples/wifi/sniffer/build/bootloader/bootloader_support/libbootloader_support.a(bootloader_init.o)
 .debug_frame   0x0000000000000128       0xfc /build/esp8266/ESP8266_RTOS_SDK/examples/wifi/sniffer/build/bootloader/bootloader_support/libbootloader_support.a(bootloader_utility.o)
 .debug_frame   0x0000000000000224       0x74 /build/esp8266/ESP8266_RTOS_SDK/examples/wifi/sniffer/build/bootloader/bootloader_support/libbootloader_support.a(bootloader_common.o)
 .debug_frame   0x0000000000000298       0x38 /build/esp8266/ESP8266_RTOS_SDK/examples/wifi/sniffer/build/bootloader/bootloader_support/libbootloader_support.a(flash_partitions.o)
 .debug_frame   0x00000000000002d0      0x13c /build/esp8266/ESP8266_RTOS_SDK/examples/wifi/sniffer/build/bootloader/bootloader_support/libbootloader_support.a(esp_image_format.o)
 .debug_frame   0x000000000000040c       0xd8 /build/esp8266/ESP8266_RTOS_SDK/examples/wifi/sniffer/build/bootloader/bootloader_support/libbootloader_support.a(bootloader_flash.o)
 .debug_frame   0x00000000000004e4      0x350 /build/esp8266/ESP8266_RTOS_SDK/examples/wifi/sniffer/build/bootloader/spi_flash/libspi_flash.a(spi_flash.o)
 .debug_frame   0x0000000000000834      0x16c /build/esp8266/ESP8266_RTOS_SDK/examples/wifi/sniffer/build/bootloader/spi_flash/libspi_flash.a(spi_flash_raw.o)
 .debug_frame   0x00000000000009a0       0x58 /build/esp8266/ESP8266_RTOS_SDK/examples/wifi/sniffer/build/bootloader/log/liblog.a(log.o)
 .debug_frame   0x00000000000009f8       0x80 /build/esp8266/ESP8266_RTOS_SDK/examples/wifi/sniffer/build/bootloader/esp8266/libesp8266.a(ets_printf.o)
 .debug_frame   0x0000000000000a78       0x40 /build/esp8266/ESP8266_RTOS_SDK/examples/wifi/sniffer/build/bootloader/util/libutil.a(crc.o)

.debug_info     0x0000000000000000     0x51f3
 .debug_info    0x0000000000000000      0x4b5 /build/esp8266/ESP8266_RTOS_SDK/examples/wifi/sniffer/build/bootloader/main/libmain.a(bootloader_start.o)
 .debug_info    0x00000000000004b5      0x4fd /build/esp8266/ESP8266_RTOS_SDK/examples/wifi/sniffer/build/bootloader/bootloader_support/libbootloader_support.a(bootloader_init.o)
 .debug_info    0x00000000000009b2      0xd5a /build/esp8266/ESP8266_RTOS_SDK/examples/wifi/sniffer/build/bootloader/bootloader_support/libbootloader_support.a(bootloader_utility.o)
 .debug_info    0x000000000000170c      0x341 /build/esp8266/ESP8266_RTOS_SDK/examples/wifi/sniffer/build/bootloader/bootloader_support/libbootloader_support.a(bootloader_common.o)
 .debug_info    0x0000000000001a4d      0x3d6 /build/esp8266/ESP8266_RTOS_SDK/examples/wifi/sniffer/build/bootloader/bootloader_support/libbootloader_support.a(flash_partitions.o)
 .debug_info    0x0000000000001e23      0xcf6 /build/esp8266/ESP8266_RTOS_SDK/examples/wifi/sniffer/build/bootloader/bootloader_support/libbootloader_support.a(esp_image_format.o)
 .debug_info    0x0000000000002b19      0x506 /build/esp8266/ESP8266_RTOS_SDK/examples/wifi/sniffer/build/bootloader/bootloader_support/libbootloader_support.a(bootloader_flash.o)
 .debug_info    0x000000000000301f     0x134f /build/esp8266/ESP8266_RTOS_SDK/examples/wifi/sniffer/build/bootloader/spi_flash/libspi_flash.a(spi_flash.o)
 .debug_info    0x000000000000436e      0x756 /build/esp8266/ESP8266_RTOS_SDK/examples/wifi/sniffer/build/bootloader/spi_flash/libspi_flash.a(spi_flash_raw.o)
 .debug_info    0x0000000000004ac4      0x307 /build/esp8266/ESP8266_RTOS_SDK/examples/wifi/sniffer/build/bootloader/log/liblog.a(log.o)
 .debug_info    0x0000000000004dcb      0x21f /build/esp8266/ESP8266_RTOS_SDK/examples/wifi/sniffer/build/bootloader/esp8266/libesp8266.a(ets_printf.o)
 .debug_info    0x0000000000004fea      0x209 /build/esp8266/ESP8266_RTOS_SDK/examples/wifi/sniffer/build/bootloader/util/libutil.a(crc.o)

.debug_abbrev   0x0000000000000000     0x1468
 .debug_abbrev  0x0000000000000000      0x18e /build/esp8266/ESP8266_RTOS_SDK/examples/wifi/sniffer/build/bootloader/main/libmain.a(bootloader_start.o)
 .debug_abbrev  0x000000000000018e      0x1c1 /build/esp8266/ESP8266_RTOS_SDK/examples/wifi/sniffer/build/bootloader/bootloader_support/libbootloader_support.a(bootloader_init.o)
 .debug_abbrev  0x000000000000034f      0x25c /build/esp8266/ESP8266_RTOS_SDK/examples/wifi/sniffer/build/bootloader/bootloader_support/libbootloader_support.a(bootloader_utility.o)
 .debug_abbrev  0x00000000000005ab      0x1aa /build/esp8266/ESP8266_RTOS_SDK/examples/wifi/sniffer/build/bootloader/bootloader_support/libbootloader_support.a(bootloader_common.o)
 .debug_abbrev  0x0000000000000755      0x16e /build/esp8266/ESP8266_RTOS_SDK/examples/wifi/sniffer/build/bootloader/bootloader_support/libbootloader_support.a(flash_partitions.o)
 .debug_abbrev  0x00000000000008c3      0x1e6 /build/esp8266/ESP8266_RTOS_SDK/examples/wifi/sniffer/build/bootloader/bootloader_support/libbootloader_support.a(esp_image_format.o)
 .debug_abbrev  0x0000000000000aa9      0x173 /build/esp8266/ESP8266_RTOS_SDK/examples/wifi/sniffer/build/bootloader/bootloader_support/libbootloader_support.a(bootloader_flash.o)
 .debug_abbrev  0x0000000000000c1c      0x306 /build/esp8266/ESP8266_RTOS_SDK/examples/wifi/sniffer/build/bootloader/spi_flash/libspi_flash.a(spi_flash.o)
 .debug_abbrev  0x0000000000000f22      0x176 /build/esp8266/ESP8266_RTOS_SDK/examples/wifi/sniffer/build/bootloader/spi_flash/libspi_flash.a(spi_flash_raw.o)
 .debug_abbrev  0x0000000000001098      0x1c8 /build/esp8266/ESP8266_RTOS_SDK/examples/wifi/sniffer/build/bootloader/log/liblog.a(log.o)
 .debug_abbrev  0x0000000000001260      0x159 /build/esp8266/ESP8266_RTOS_SDK/examples/wifi/sniffer/build/bootloader/esp8266/libesp8266.a(ets_printf.o)
 .debug_abbrev  0x00000000000013b9       0xaf /build/esp8266/ESP8266_RTOS_SDK/examples/wifi/sniffer/build/bootloader/util/libutil.a(crc.o)

.debug_loc      0x0000000000000000     0x3147
 .debug_loc     0x0000000000000000       0x76 /build/esp8266/ESP8266_RTOS_SDK/examples/wifi/sniffer/build/bootloader/main/libmain.a(bootloader_start.o)
 .debug_loc     0x0000000000000076       0xf6 /build/esp8266/ESP8266_RTOS_SDK/examples/wifi/sniffer/build/bootloader/bootloader_support/libbootloader_support.a(bootloader_init.o)
 .debug_loc     0x000000000000016c      0x5c4 /build/esp8266/ESP8266_RTOS_SDK/examples/wifi/sniffer/build/bootloader/bootloader_support/libbootloader_support.a(bootloader_utility.o)
 .debug_loc     0x0000000000000730      0x2e6 /build/esp8266/ESP8266_RTOS_SDK/examples/wifi/sniffer/build/bootloader/bootloader_support/libbootloader_support.a(bootloader_common.o)
 .debug_loc     0x0000000000000a16      0x108 /build/esp8266/ESP8266_RTOS_SDK/examples/wifi/sniffer/build/bootloader/bootloader_support/libbootloader_support.a(flash_partitions.o)
 .debug_loc     0x0000000000000b1e      0x991 /build/esp8266/ESP8266_RTOS_SDK/examples/wifi/sniffer/build/bootloader/bootloader_support/libbootloader_support.a(esp_image_format.o)
 .debug_loc     0x00000000000014af      0x33b /build/esp8266/ESP8266_RTOS_SDK/examples/wifi/sniffer/build/bootloader/bootloader_support/libbootloader_support.a(bootloader_flash.o)
 .debug_loc     0x00000000000017ea     0x10af /build/esp8266/ESP8266_RTOS_SDK/examples/wifi/sniffer/build/bootloader/spi_flash/libspi_flash.a(spi_flash.o)
 .debug_loc     0x0000000000002899      0x5a0 /build/esp8266/ESP8266_RTOS_SDK/examples/wifi/sniffer/build/bootloader/spi_flash/libspi_flash.a(spi_flash_raw.o)
 .debug_loc     0x0000000000002e39       0xe1 /build/esp8266/ESP8266_RTOS_SDK/examples/wifi/sniffer/build/bootloader/log/liblog.a(log.o)
 .debug_loc     0x0000000000002f1a       0x9b /build/esp8266/ESP8266_RTOS_SDK/examples/wifi/sniffer/build/bootloader/esp8266/libesp8266.a(ets_printf.o)
 .debug_loc     0x0000000000002fb5      0x192 /build/esp8266/ESP8266_RTOS_SDK/examples/wifi/sniffer/build/bootloader/util/libutil.a(crc.o)

.debug_aranges  0x0000000000000000      0x3a0
 .debug_aranges
                0x0000000000000000       0x30 /build/esp8266/ESP8266_RTOS_SDK/examples/wifi/sniffer/build/bootloader/main/libmain.a(bootloader_start.o)
 .debug_aranges
                0x0000000000000030       0x40 /build/esp8266/ESP8266_RTOS_SDK/examples/wifi/sniffer/build/bootloader/bootloader_support/libbootloader_support.a(bootloader_init.o)
 .debug_aranges
                0x0000000000000070       0x50 /build/esp8266/ESP8266_RTOS_SDK/examples/wifi/sniffer/build/bootloader/bootloader_support/libbootloader_support.a(bootloader_utility.o)
 .debug_aranges
                0x00000000000000c0       0x30 /build/esp8266/ESP8266_RTOS_SDK/examples/wifi/sniffer/build/bootloader/bootloader_support/libbootloader_support.a(bootloader_common.o)
 .debug_aranges
                0x00000000000000f0       0x20 /build/esp8266/ESP8266_RTOS_SDK/examples/wifi/sniffer/build/bootloader/bootloader_support/libbootloader_support.a(flash_partitions.o)
 .debug_aranges
                0x0000000000000110       0x60 /build/esp8266/ESP8266_RTOS_SDK/examples/wifi/sniffer/build/bootloader/bootloader_support/libbootloader_support.a(esp_image_format.o)
 .debug_aranges
                0x0000000000000170       0x48 /build/esp8266/ESP8266_RTOS_SDK/examples/wifi/sniffer/build/bootloader/bootloader_support/libbootloader_support.a(bootloader_flash.o)
 .debug_aranges
                0x00000000000001b8       0xe8 /build/esp8266/ESP8266_RTOS_SDK/examples/wifi/sniffer/build/bootloader/spi_flash/libspi_flash.a(spi_flash.o)
 .debug_aranges
                0x00000000000002a0       0x70 /build/esp8266/ESP8266_RTOS_SDK/examples/wifi/sniffer/build/bootloader/spi_flash/libspi_flash.a(spi_flash_raw.o)
 .debug_aranges
                0x0000000000000310       0x28 /build/esp8266/ESP8266_RTOS_SDK/examples/wifi/sniffer/build/bootloader/log/liblog.a(log.o)
 .debug_aranges
                0x0000000000000338       0x38 /build/esp8266/ESP8266_RTOS_SDK/examples/wifi/sniffer/build/bootloader/esp8266/libesp8266.a(ets_printf.o)
 .debug_aranges
                0x0000000000000370       0x30 /build/esp8266/ESP8266_RTOS_SDK/examples/wifi/sniffer/build/bootloader/util/libutil.a(crc.o)

.debug_ranges   0x0000000000000000      0x3f8
 .debug_ranges  0x0000000000000000       0x20 /build/esp8266/ESP8266_RTOS_SDK/examples/wifi/sniffer/build/bootloader/main/libmain.a(bootloader_start.o)
 .debug_ranges  0x0000000000000020       0x30 /build/esp8266/ESP8266_RTOS_SDK/examples/wifi/sniffer/build/bootloader/bootloader_support/libbootloader_support.a(bootloader_init.o)
 .debug_ranges  0x0000000000000050       0x40 /build/esp8266/ESP8266_RTOS_SDK/examples/wifi/sniffer/build/bootloader/bootloader_support/libbootloader_support.a(bootloader_utility.o)
 .debug_ranges  0x0000000000000090       0x20 /build/esp8266/ESP8266_RTOS_SDK/examples/wifi/sniffer/build/bootloader/bootloader_support/libbootloader_support.a(bootloader_common.o)
 .debug_ranges  0x00000000000000b0       0x40 /build/esp8266/ESP8266_RTOS_SDK/examples/wifi/sniffer/build/bootloader/bootloader_support/libbootloader_support.a(flash_partitions.o)
 .debug_ranges  0x00000000000000f0       0x80 /build/esp8266/ESP8266_RTOS_SDK/examples/wifi/sniffer/build/bootloader/bootloader_support/libbootloader_support.a(esp_image_format.o)
 .debug_ranges  0x0000000000000170       0x38 /build/esp8266/ESP8266_RTOS_SDK/examples/wifi/sniffer/build/bootloader/bootloader_support/libbootloader_support.a(bootloader_flash.o)
 .debug_ranges  0x00000000000001a8      0x190 /build/esp8266/ESP8266_RTOS_SDK/examples/wifi/sniffer/build/bootloader/spi_flash/libspi_flash.a(spi_flash.o)
 .debug_ranges  0x0000000000000338       0x60 /build/esp8266/ESP8266_RTOS_SDK/examples/wifi/sniffer/build/bootloader/spi_flash/libspi_flash.a(spi_flash_raw.o)
 .debug_ranges  0x0000000000000398       0x18 /build/esp8266/ESP8266_RTOS_SDK/examples/wifi/sniffer/build/bootloader/log/liblog.a(log.o)
 .debug_ranges  0x00000000000003b0       0x28 /build/esp8266/ESP8266_RTOS_SDK/examples/wifi/sniffer/build/bootloader/esp8266/libesp8266.a(ets_printf.o)
 .debug_ranges  0x00000000000003d8       0x20 /build/esp8266/ESP8266_RTOS_SDK/examples/wifi/sniffer/build/bootloader/util/libutil.a(crc.o)

.debug_line     0x0000000000000000     0x3944
 .debug_line    0x0000000000000000      0x32f /build/esp8266/ESP8266_RTOS_SDK/examples/wifi/sniffer/build/bootloader/main/libmain.a(bootloader_start.o)
 .debug_line    0x000000000000032f      0x446 /build/esp8266/ESP8266_RTOS_SDK/examples/wifi/sniffer/build/bootloader/bootloader_support/libbootloader_support.a(bootloader_init.o)
 .debug_line    0x0000000000000775      0x7ba /build/esp8266/ESP8266_RTOS_SDK/examples/wifi/sniffer/build/bootloader/bootloader_support/libbootloader_support.a(bootloader_utility.o)
 .debug_line    0x0000000000000f2f      0x300 /build/esp8266/ESP8266_RTOS_SDK/examples/wifi/sniffer/build/bootloader/bootloader_support/libbootloader_support.a(bootloader_common.o)
 .debug_line    0x000000000000122f      0x318 /build/esp8266/ESP8266_RTOS_SDK/examples/wifi/sniffer/build/bootloader/bootloader_support/libbootloader_support.a(flash_partitions.o)
 .debug_line    0x0000000000001547      0x706 /build/esp8266/ESP8266_RTOS_SDK/examples/wifi/sniffer/build/bootloader/bootloader_support/libbootloader_support.a(esp_image_format.o)
 .debug_line    0x0000000000001c4d      0x374 /build/esp8266/ESP8266_RTOS_SDK/examples/wifi/sniffer/build/bootloader/bootloader_support/libbootloader_support.a(bootloader_flash.o)
 .debug_line    0x0000000000001fc1      0xc9b /build/esp8266/ESP8266_RTOS_SDK/examples/wifi/sniffer/build/bootloader/spi_flash/libspi_flash.a(spi_flash.o)
 .debug_line    0x0000000000002c5c      0x610 /build/esp8266/ESP8266_RTOS_SDK/examples/wifi/sniffer/build/bootloader/spi_flash/libspi_flash.a(spi_flash_raw.o)
 .debug_line    0x000000000000326c      0x307 /build/esp8266/ESP8266_RTOS_SDK/examples/wifi/sniffer/build/bootloader/log/liblog.a(log.o)
 .debug_line    0x0000000000003573      0x22a /build/esp8266/ESP8266_RTOS_SDK/examples/wifi/sniffer/build/bootloader/esp8266/libesp8266.a(ets_printf.o)
 .debug_line    0x000000000000379d      0x1a7 /build/esp8266/ESP8266_RTOS_SDK/examples/wifi/sniffer/build/bootloader/util/libutil.a(crc.o)

.debug_str      0x0000000000000000     0x17c7
 .debug_str     0x0000000000000000      0x46c /build/esp8266/ESP8266_RTOS_SDK/examples/wifi/sniffer/build/bootloader/main/libmain.a(bootloader_start.o)
                                        0x4f5 (size before relaxing)
 .debug_str     0x000000000000046c      0x312 /build/esp8266/ESP8266_RTOS_SDK/examples/wifi/sniffer/build/bootloader/bootloader_support/libbootloader_support.a(bootloader_init.o)
                                        0x5ad (size before relaxing)
 .debug_str     0x000000000000077e      0x26d /build/esp8266/ESP8266_RTOS_SDK/examples/wifi/sniffer/build/bootloader/bootloader_support/libbootloader_support.a(bootloader_utility.o)
                                        0x71f (size before relaxing)
 .debug_str     0x00000000000009eb      0x166 /build/esp8266/ESP8266_RTOS_SDK/examples/wifi/sniffer/build/bootloader/bootloader_support/libbootloader_support.a(bootloader_common.o)
                                        0x398 (size before relaxing)
 .debug_str     0x0000000000000b51       0xde /build/esp8266/ESP8266_RTOS_SDK/examples/wifi/sniffer/build/bootloader/bootloader_support/libbootloader_support.a(flash_partitions.o)
                                        0x3c6 (size before relaxing)
 .debug_str     0x0000000000000c2f      0x1cb /build/esp8266/ESP8266_RTOS_SDK/examples/wifi/sniffer/build/bootloader/bootloader_support/libbootloader_support.a(esp_image_format.o)
                                        0x78e (size before relaxing)
 .debug_str     0x0000000000000dfa      0x109 /build/esp8266/ESP8266_RTOS_SDK/examples/wifi/sniffer/build/bootloader/bootloader_support/libbootloader_support.a(bootloader_flash.o)
                                        0x3a2 (size before relaxing)
 .debug_str     0x0000000000000f03      0x544 /build/esp8266/ESP8266_RTOS_SDK/examples/wifi/sniffer/build/bootloader/spi_flash/libspi_flash.a(spi_flash.o)
                                        0x930 (size before relaxing)
 .debug_str     0x0000000000001447      0x127 /build/esp8266/ESP8266_RTOS_SDK/examples/wifi/sniffer/build/bootloader/spi_flash/libspi_flash.a(spi_flash_raw.o)
                                        0x4d9 (size before relaxing)
 .debug_str     0x000000000000156e      0x120 /build/esp8266/ESP8266_RTOS_SDK/examples/wifi/sniffer/build/bootloader/log/liblog.a(log.o)
                                        0x2db (size before relaxing)
 .debug_str     0x000000000000168e       0xc1 /build/esp8266/ESP8266_RTOS_SDK/examples/wifi/sniffer/build/bootloader/esp8266/libesp8266.a(ets_printf.o)
                                        0x22d (size before relaxing)
 .debug_str     0x000000000000174f       0x78 /build/esp8266/ESP8266_RTOS_SDK/examples/wifi/sniffer/build/bootloader/util/libutil.a(crc.o)
                                        0x19c (size before relaxing)

.comment        0x0000000000000000       0x75
 .comment       0x0000000000000000       0x3b /build/esp8266/ESP8266_RTOS_SDK/examples/wifi/sniffer/build/bootloader/main/libmain.a(bootloader_start.o)
                                         0x3c (size before relaxing)
 .comment       0x000000000000003b       0x3c /build/esp8266/ESP8266_RTOS_SDK/examples/wifi/sniffer/build/bootloader/bootloader_support/libbootloader_support.a(bootloader_init.o)
 .comment       0x000000000000003b       0x3c /build/esp8266/ESP8266_RTOS_SDK/examples/wifi/sniffer/build/bootloader/bootloader_support/libbootloader_support.a(bootloader_utility.o)
 .comment       0x000000000000003b       0x3c /build/esp8266/ESP8266_RTOS_SDK/examples/wifi/sniffer/build/bootloader/bootloader_support/libbootloader_support.a(bootloader_common.o)
 .comment       0x000000000000003b       0x3c /build/esp8266/ESP8266_RTOS_SDK/examples/wifi/sniffer/build/bootloader/bootloader_support/libbootloader_support.a(flash_partitions.o)
 .comment       0x000000000000003b       0x3c /build/esp8266/ESP8266_RTOS_SDK/examples/wifi/sniffer/build/bootloader/bootloader_support/libbootloader_support.a(esp_image_format.o)
 .comment       0x000000000000003b       0x3c /build/esp8266/ESP8266_RTOS_SDK/examples/wifi/sniffer/build/bootloader/bootloader_support/libbootloader_support.a(bootloader_flash.o)
 .comment       0x000000000000003b       0x3c /build/esp8266/ESP8266_RTOS_SDK/examples/wifi/sniffer/build/bootloader/spi_flash/libspi_flash.a(spi_flash.o)
 .comment       0x000000000000003b       0x3c /build/esp8266/ESP8266_RTOS_SDK/examples/wifi/sniffer/build/bootloader/spi_flash/libspi_flash.a(spi_flash_raw.o)
 .comment       0x000000000000003b       0x3c /build/esp8266/ESP8266_RTOS_SDK/examples/wifi/sniffer/build/bootloader/log/liblog.a(log.o)
 .comment       0x000000000000003b       0x3c /build/esp8266/ESP8266_RTOS_SDK/examples/wifi/sniffer/build/bootloader/esp8266/libesp8266.a(ets_printf.o)
 .comment       0x000000000000003b       0x3c /build/esp8266/ESP8266_RTOS_SDK/examples/wifi/sniffer/build/bootloader/util/libutil.a(crc.o)
 .comment       0x000000000000003b       0x3a /build/esp8266/ESP8266_RTOS_SDK/components/esp8266/lib/libcore.a(phy.o)
                                         0x3b (size before relaxing)
 .comment       0x0000000000000075       0x3b /build/esp8266/ESP8266_RTOS_SDK/components/esp8266/lib/libcore.a(uart.o)

.xtensa.info    0x0000000000000000       0x38
 .xtensa.info   0x0000000000000000       0x38 /build/esp8266/ESP8266_RTOS_SDK/examples/wifi/sniffer/build/bootloader/main/libmain.a(bootloader_start.o)
 .xtensa.info   0x0000000000000038        0x0 /build/esp8266/ESP8266_RTOS_SDK/examples/wifi/sniffer/build/bootloader/bootloader_support/libbootloader_support.a(bootloader_init.o)
 .xtensa.info   0x0000000000000038        0x0 /build/esp8266/ESP8266_RTOS_SDK/examples/wifi/sniffer/build/bootloader/bootloader_support/libbootloader_support.a(bootloader_utility.o)
 .xtensa.info   0x0000000000000038        0x0 /build/esp8266/ESP8266_RTOS_SDK/examples/wifi/sniffer/build/bootloader/bootloader_support/libbootloader_support.a(bootloader_common.o)
 .xtensa.info   0x0000000000000038        0x0 /build/esp8266/ESP8266_RTOS_SDK/examples/wifi/sniffer/build/bootloader/bootloader_support/libbootloader_support.a(flash_partitions.o)
 .xtensa.info   0x0000000000000038        0x0 /build/esp8266/ESP8266_RTOS_SDK/examples/wifi/sniffer/build/bootloader/bootloader_support/libbootloader_support.a(esp_image_format.o)
 .xtensa.info   0x0000000000000038        0x0 /build/esp8266/ESP8266_RTOS_SDK/examples/wifi/sniffer/build/bootloader/bootloader_support/libbootloader_support.a(bootloader_flash.o)
 .xtensa.info   0x0000000000000038        0x0 /build/esp8266/ESP8266_RTOS_SDK/examples/wifi/sniffer/build/bootloader/spi_flash/libspi_flash.a(spi_flash.o)
 .xtensa.info   0x0000000000000038        0x0 /build/esp8266/ESP8266_RTOS_SDK/examples/wifi/sniffer/build/bootloader/spi_flash/libspi_flash.a(spi_flash_raw.o)
 .xtensa.info   0x0000000000000038        0x0 /build/esp8266/ESP8266_RTOS_SDK/examples/wifi/sniffer/build/bootloader/log/liblog.a(log.o)
 .xtensa.info   0x0000000000000038        0x0 /build/esp8266/ESP8266_RTOS_SDK/examples/wifi/sniffer/build/bootloader/esp8266/libesp8266.a(ets_printf.o)
 .xtensa.info   0x0000000000000038        0x0 /build/esp8266/ESP8266_RTOS_SDK/examples/wifi/sniffer/build/bootloader/util/libutil.a(crc.o)
 .xtensa.info   0x0000000000000038        0x0 /build/esp8266/ESP8266_RTOS_SDK/components/esp8266/lib/libcore.a(phy.o)
 .xtensa.info   0x0000000000000038        0x0 /build/esp8266/ESP8266_RTOS_SDK/components/esp8266/lib/libcore.a(uart.o)
